Component: ARM Compiler 5.06 update 6 (build 750) Tool: armlink [4d35ed]

==============================================================================

Section Cross References

    startup_stm32f401xe.o(RESET) refers to startup_stm32f401xe.o(STACK) for __initial_sp
    startup_stm32f401xe.o(RESET) refers to startup_stm32f401xe.o(.text) for Reset_Handler
    startup_stm32f401xe.o(RESET) refers to stm32f4xx_it.o(i.SysTick_Handler) for SysTick_Handler
    startup_stm32f401xe.o(RESET) refers to stm32f4xx_it.o(i.EXTI4_IRQHandler) for EXTI4_IRQHandler
    startup_stm32f401xe.o(.text) refers to system_stm32f4xx.o(i.SystemInit) for SystemInit
    startup_stm32f401xe.o(.text) refers to entry.o(.ARM.Collect$$$$00000000) for __main
    system_stm32f4xx.o(i.SystemCoreClockUpdate) refers to system_stm32f4xx.o(.data) for SystemCoreClock
    system_stm32f4xx.o(i.SystemCoreClockUpdate) refers to system_stm32f4xx.o(.constdata) for AHBPrescTable
    stm32f4xx_hal_msp.o(i.HAL_I2C_MspDeInit) refers to stm32f4xx_hal_gpio.o(i.HAL_GPIO_DeInit) for HAL_GPIO_DeInit
    stm32f4xx_hal_msp.o(i.HAL_I2C_MspInit) refers to stm32f4xx_hal_gpio.o(i.HAL_GPIO_Init) for HAL_GPIO_Init
    stm32f4xx_hal_msp.o(i.HAL_MspInit) refers to stm32f4xx_hal_cortex.o(i.HAL_NVIC_SetPriorityGrouping) for HAL_NVIC_SetPriorityGrouping
    stm32f4xx_hal_msp.o(i.HAL_MspInit) refers to stm32f4xx_hal_cortex.o(i.HAL_NVIC_SetPriority) for HAL_NVIC_SetPriority
    stm32f4xx_hal_msp.o(i.HAL_UART_MspDeInit) refers to stm32f4xx_hal_gpio.o(i.HAL_GPIO_DeInit) for HAL_GPIO_DeInit
    stm32f4xx_hal_msp.o(i.HAL_UART_MspInit) refers to stm32f4xx_hal_gpio.o(i.HAL_GPIO_Init) for HAL_GPIO_Init
    stm32f4xx_it.o(i.EXTI4_IRQHandler) refers to stm32f4xx_hal_gpio.o(i.HAL_GPIO_EXTI_IRQHandler) for HAL_GPIO_EXTI_IRQHandler
    stm32f4xx_it.o(i.SysTick_Handler) refers to stm32f4xx_hal.o(i.HAL_IncTick) for HAL_IncTick
    stm32f4xx_it.o(i.SysTick_Handler) refers to stm32f4xx_hal_cortex.o(i.HAL_SYSTICK_IRQHandler) for HAL_SYSTICK_IRQHandler
    main.o(i.HAL_GPIO_EXTI_Callback) refers to main.o(.data) for IntCount
    main.o(i.MX_GPIO_Init) refers to stm32f4xx_hal_gpio.o(i.HAL_GPIO_WritePin) for HAL_GPIO_WritePin
    main.o(i.MX_GPIO_Init) refers to stm32f4xx_hal_gpio.o(i.HAL_GPIO_Init) for HAL_GPIO_Init
    main.o(i.MX_GPIO_Init) refers to stm32f4xx_hal_cortex.o(i.HAL_NVIC_SetPriority) for HAL_NVIC_SetPriority
    main.o(i.MX_GPIO_Init) refers to stm32f4xx_hal_cortex.o(i.HAL_NVIC_EnableIRQ) for HAL_NVIC_EnableIRQ
    main.o(i.MX_I2C1_Init) refers to stm32f4xx_hal_i2c.o(i.HAL_I2C_Init) for HAL_I2C_Init
    main.o(i.MX_I2C1_Init) refers to main.o(i.Error_Handler) for Error_Handler
    main.o(i.MX_I2C1_Init) refers to main.o(.bss) for hi2c1
    main.o(i.MX_USART2_UART_Init) refers to stm32f4xx_hal_uart.o(i.HAL_UART_Init) for HAL_UART_Init
    main.o(i.MX_USART2_UART_Init) refers to main.o(i.Error_Handler) for Error_Handler
    main.o(i.MX_USART2_UART_Init) refers to main.o(.bss) for huart2
    main.o(i.SystemClock_Config) refers to stm32f4xx_hal_rcc.o(i.HAL_RCC_OscConfig) for HAL_RCC_OscConfig
    main.o(i.SystemClock_Config) refers to main.o(i.Error_Handler) for Error_Handler
    main.o(i.SystemClock_Config) refers to stm32f4xx_hal_rcc.o(i.HAL_RCC_ClockConfig) for HAL_RCC_ClockConfig
    main.o(i.SystemClock_Config) refers to stm32f4xx_hal_rcc.o(i.HAL_RCC_GetHCLKFreq) for HAL_RCC_GetHCLKFreq
    main.o(i.SystemClock_Config) refers to stm32f4xx_hal_cortex.o(i.HAL_SYSTICK_Config) for HAL_SYSTICK_Config
    main.o(i.SystemClock_Config) refers to stm32f4xx_hal_cortex.o(i.HAL_SYSTICK_CLKSourceConfig) for HAL_SYSTICK_CLKSourceConfig
    main.o(i.SystemClock_Config) refers to stm32f4xx_hal_cortex.o(i.HAL_NVIC_SetPriority) for HAL_NVIC_SetPriority
    main.o(i.fputc) refers to stm32f4xx_hal_uart.o(i.HAL_UART_Transmit) for HAL_UART_Transmit
    main.o(i.fputc) refers to main.o(.bss) for huart2
    main.o(i.main) refers to stm32f4xx_hal.o(i.HAL_Init) for HAL_Init
    main.o(i.main) refers to main.o(i.SystemClock_Config) for SystemClock_Config
    main.o(i.main) refers to main.o(i.MX_GPIO_Init) for MX_GPIO_Init
    main.o(i.main) refers to main.o(i.MX_USART2_UART_Init) for MX_USART2_UART_Init
    main.o(i.main) refers to main.o(i.MX_I2C1_Init) for MX_I2C1_Init
    main.o(i.main) refers to x-nucleo-53l1a1.o(i.XNUCLEO53L1A1_Init) for XNUCLEO53L1A1_Init
    main.o(i.main) refers to x-nucleo-53l1a1.o(i.XNUCLEO53L1A1_ResetId) for XNUCLEO53L1A1_ResetId
    main.o(i.main) refers to stm32f4xx_hal.o(i.HAL_Delay) for HAL_Delay
    main.o(i.main) refers to vl53l1_platform.o(i.VL53L1_RdByte) for VL53L1_RdByte
    main.o(i.main) refers to printf5.o(i.__0printf$5) for __2printf
    main.o(i.main) refers to vl53l1_platform.o(i.VL53L1_RdWord) for VL53L1_RdWord
    main.o(i.main) refers to vl53l1x_api.o(i.VL53L1X_BootState) for VL53L1X_BootState
    main.o(i.main) refers to vl53l1x_api.o(i.VL53L1X_SensorInit) for VL53L1X_SensorInit
[...]
    Removing vl53l1_platform.o(i.VL53L1_WriteMulti), (76 bytes).
    Removing stm32f4xx_hal.o(.rev16_text), (4 bytes).
    Removing stm32f4xx_hal.o(.revsh_text), (4 bytes).
    Removing stm32f4xx_hal.o(.rrx_text), (6 bytes).
    Removing stm32f4xx_hal.o(i.HAL_DBGMCU_DisableDBGSleepMode), (20 bytes).
    Removing stm32f4xx_hal.o(i.HAL_DBGMCU_DisableDBGStandbyMode), (20 bytes).
    Removing stm32f4xx_hal.o(i.HAL_DBGMCU_DisableDBGStopMode), (20 bytes).
    Removing stm32f4xx_hal.o(i.HAL_DBGMCU_EnableDBGSleepMode), (20 bytes).
    Removing stm32f4xx_hal.o(i.HAL_DBGMCU_EnableDBGStandbyMode), (20 bytes).
    Removing stm32f4xx_hal.o(i.HAL_DBGMCU_EnableDBGStopMode), (20 bytes).
    Removing stm32f4xx_hal.o(i.HAL_DeInit), (68 bytes).
    Removing stm32f4xx_hal.o(i.HAL_DisableCompensationCell), (12 bytes).
    Removing stm32f4xx_hal.o(i.HAL_EnableCompensationCell), (12 bytes).
    Removing stm32f4xx_hal.o(i.HAL_GetDEVID), (16 bytes).
    Removing stm32f4xx_hal.o(i.HAL_GetHalVersion), (8 bytes).
    Removing stm32f4xx_hal.o(i.HAL_GetREVID), (12 bytes).
    Removing stm32f4xx_hal.o(i.HAL_GetTickFreq), (12 bytes).
    Removing stm32f4xx_hal.o(i.HAL_GetTickPrio), (12 bytes).
    Removing stm32f4xx_hal.o(i.HAL_GetUID), (28 bytes).
    Removing stm32f4xx_hal.o(i.HAL_MspDeInit), (2 bytes).
    Removing stm32f4xx_hal.o(i.HAL_MspInit), (2 bytes).
    Removing stm32f4xx_hal.o(i.HAL_ResumeTick), (18 bytes).
    Removing stm32f4xx_hal.o(i.HAL_SetTickFreq), (40 bytes).
    Removing stm32f4xx_hal.o(i.HAL_SuspendTick), (18 bytes).
    Removing stm32f4xx_hal_cortex.o(.rev16_text), (4 bytes).
    Removing stm32f4xx_hal_cortex.o(.revsh_text), (4 bytes).
    Removing stm32f4xx_hal_cortex.o(.rrx_text), (6 bytes).
    Removing stm32f4xx_hal_cortex.o(i.HAL_MPU_ConfigRegion), (92 bytes).
    Removing stm32f4xx_hal_cortex.o(i.HAL_MPU_Disable), (44 bytes).
    Removing stm32f4xx_hal_cortex.o(i.HAL_MPU_Enable), (64 bytes).
    Removing stm32f4xx_hal_cortex.o(i.HAL_NVIC_ClearPendingIRQ), (28 bytes).
    Removing stm32f4xx_hal_cortex.o(i.HAL_NVIC_DisableIRQ), (28 bytes).
    Removing stm32f4xx_hal_cortex.o(i.HAL_NVIC_GetActive), (40 bytes).
    Removing stm32f4xx_hal_cortex.o(i.HAL_NVIC_GetPendingIRQ), (40 bytes).
    Removing stm32f4xx_hal_cortex.o(i.HAL_NVIC_GetPriority), (148 bytes).
    Removing stm32f4xx_hal_cortex.o(i.HAL_NVIC_GetPriorityGrouping), (8 bytes).
    Removing stm32f4xx_hal_cortex.o(i.HAL_NVIC_SetPendingIRQ), (28 bytes).
    Removing stm32f4xx_hal_cortex.o(i.HAL_NVIC_SystemReset), (68 bytes).
    Removing stm32f4xx_hal_dma.o(.rev16_text), (4 bytes).
    Removing stm32f4xx_hal_dma.o(.revsh_text), (4 bytes).
    Removing stm32f4xx_hal_dma.o(.rrx_text), (6 bytes).
    Removing stm32f4xx_hal_dma.o(i.DMA_CalcBaseAndBitshift), (52 bytes).
    Removing stm32f4xx_hal_dma.o(i.DMA_CheckFifoParam), (170 bytes).
    Removing stm32f4xx_hal_dma.o(i.DMA_SetConfig), (44 bytes).
    Removing stm32f4xx_hal_dma.o(i.HAL_DMA_Abort), (170 bytes).
    Removing stm32f4xx_hal_dma.o(i.HAL_DMA_Abort_IT), (40 bytes).
    Removing stm32f4xx_hal_dma.o(i.HAL_DMA_DeInit), (98 bytes).
    Removing stm32f4xx_hal_dma.o(i.HAL_DMA_GetError), (6 bytes).
    Removing stm32f4xx_hal_dma.o(i.HAL_DMA_GetState), (8 bytes).
    Removing stm32f4xx_hal_dma.o(i.HAL_DMA_IRQHandler), (576 bytes).
    Removing stm32f4xx_hal_dma.o(i.HAL_DMA_Init), (236 bytes).
    Removing stm32f4xx_hal_dma.o(i.HAL_DMA_PollForTransfer), (346 bytes).
    Removing stm32f4xx_hal_dma.o(i.HAL_DMA_RegisterCallback), (94 bytes).
    Removing stm32f4xx_hal_dma.o(i.HAL_DMA_Start), (102 bytes).
    Removing stm32f4xx_hal_dma.o(i.HAL_DMA_Start_IT), (158 bytes).
    Removing stm32f4xx_hal_dma.o(i.HAL_DMA_UnRegisterCallback), (124 bytes).
    Removing stm32f4xx_hal_dma.o(.constdata), (8 bytes).
    Removing stm32f4xx_hal_dma_ex.o(.rev16_text), (4 bytes).
    Removing stm32f4xx_hal_dma_ex.o(.revsh_text), (4 bytes).
    Removing stm32f4xx_hal_dma_ex.o(.rrx_text), (6 bytes).
    Removing stm32f4xx_hal_dma_ex.o(i.DMA_MultiBufferSetConfig), (32 bytes).
    Removing stm32f4xx_hal_dma_ex.o(i.HAL_DMAEx_ChangeMemory), (18 bytes).
    Removing stm32f4xx_hal_dma_ex.o(i.HAL_DMAEx_MultiBufferStart), (124 bytes).
    Removing stm32f4xx_hal_dma_ex.o(i.HAL_DMAEx_MultiBufferStart_IT), (4056 bytes).
    Removing stm32f4xx_hal_flash.o(.rev16_text), (4 bytes).
    Removing stm32f4xx_hal_flash.o(.revsh_text), (4 bytes).
    Removing stm32f4xx_hal_flash.o(.rrx_text), (6 bytes).
    Removing stm32f4xx_hal_flash.o(i.FLASH_Program_Byte), (36 bytes).
    Removing stm32f4xx_hal_flash.o(i.FLASH_Program_DoubleWord), (44 bytes).
    Removing stm32f4xx_hal_flash.o(i.FLASH_Program_HalfWord), (40 bytes).
    Removing stm32f4xx_hal_flash.o(i.FLASH_Program_Word), (40 bytes).
    Removing stm32f4xx_hal_flash.o(i.FLASH_SetErrorCode), (180 bytes).
    Removing stm32f4xx_hal_flash.o(i.FLASH_WaitForLastOperation), (100 bytes).
    Removing stm32f4xx_hal_flash.o(i.HAL_FLASH_EndOfOperationCallback), (2 bytes).
    Removing stm32f4xx_hal_flash.o(i.HAL_FLASH_GetError), (12 bytes).
    Removing stm32f4xx_hal_flash.o(i.HAL_FLASH_IRQHandler), (272 bytes).
    Removing stm32f4xx_hal_flash.o(i.HAL_FLASH_Lock), (20 bytes).
    Removing stm32f4xx_hal_flash.o(i.HAL_FLASH_OB_Launch), (28 bytes).
    Removing stm32f4xx_hal_flash.o(i.HAL_FLASH_OB_Lock), (20 bytes).
    Removing stm32f4xx_hal_flash.o(i.HAL_FLASH_OB_Unlock), (44 bytes).
    Removing stm32f4xx_hal_flash.o(i.HAL_FLASH_OperationErrorCallback), (2 bytes).
    Removing stm32f4xx_hal_flash.o(i.HAL_FLASH_Program), (152 bytes).
    Removing stm32f4xx_hal_flash.o(i.HAL_FLASH_Program_IT), (136 bytes).
    Removing stm32f4xx_hal_flash.o(i.HAL_FLASH_Unlock), (52 bytes).
    Removing stm32f4xx_hal_flash.o(.bss), (32 bytes).
    Removing stm32f4xx_hal_flash_ex.o(.rev16_text), (4 bytes).
    Removing stm32f4xx_hal_flash_ex.o(.revsh_text), (4 bytes).
    Removing stm32f4xx_hal_flash_ex.o(.rrx_text), (6 bytes).
    Removing stm32f4xx_hal_flash_ex.o(i.FLASH_Erase_Sector), (92 bytes).
    Removing stm32f4xx_hal_flash_ex.o(i.FLASH_FlushCaches), (120 bytes).
    Removing stm32f4xx_hal_flash_ex.o(i.FLASH_MassErase), (48 bytes).
    Removing stm32f4xx_hal_flash_ex.o(i.FLASH_OB_BOR_LevelConfig), (32 bytes).
    Removing stm32f4xx_hal_flash_ex.o(i.FLASH_OB_DisablePCROP), (36 bytes).
    Removing stm32f4xx_hal_flash_ex.o(i.FLASH_OB_DisableWRP), (40 bytes).
    Removing stm32f4xx_hal_flash_ex.o(i.FLASH_OB_EnablePCROP), (40 bytes).
    Removing stm32f4xx_hal_flash_ex.o(i.FLASH_OB_EnableWRP), (40 bytes).
    Removing stm32f4xx_hal_flash_ex.o(i.FLASH_OB_GetBOR), (16 bytes).
    Removing stm32f4xx_hal_flash_ex.o(i.FLASH_OB_GetRDP), (36 bytes).
    Removing stm32f4xx_hal_flash_ex.o(i.FLASH_OB_GetUser), (16 bytes).
    Removing stm32f4xx_hal_flash_ex.o(i.FLASH_OB_GetWRP), (12 bytes).
    Removing stm32f4xx_hal_flash_ex.o(i.FLASH_OB_RDP_LevelConfig), (32 bytes).
    Removing stm32f4xx_hal_flash_ex.o(i.FLASH_OB_UserConfig), (60 bytes).
    Removing stm32f4xx_hal_flash_ex.o(i.HAL_FLASHEx_AdvOBGetConfig), (12 bytes).
    Removing stm32f4xx_hal_flash_ex.o(i.HAL_FLASHEx_AdvOBProgram), (42 bytes).
    Removing stm32f4xx_hal_flash_ex.o(i.HAL_FLASHEx_Erase), (172 bytes).
    Removing stm32f4xx_hal_flash_ex.o(i.HAL_FLASHEx_Erase_IT), (120 bytes).
    Removing stm32f4xx_hal_flash_ex.o(i.HAL_FLASHEx_OBGetConfig), (34 bytes).
    Removing stm32f4xx_hal_flash_ex.o(i.HAL_FLASHEx_OBProgram), (148 bytes).
    Removing stm32f4xx_hal_flash_ex.o(i.HAL_FLASHEx_OB_DeSelectPCROP), (24 bytes).
    Removing stm32f4xx_hal_flash_ex.o(i.HAL_FLASHEx_OB_SelectPCROP), (28 bytes).
    Removing stm32f4xx_hal_flash_ramfunc.o(.rev16_text), (4 bytes).
    Removing stm32f4xx_hal_flash_ramfunc.o(.revsh_text), (4 bytes).
    Removing stm32f4xx_hal_flash_ramfunc.o(.rrx_text), (6 bytes).
    Removing stm32f4xx_hal_gpio.o(.rev16_text), (4 bytes).
    Removing stm32f4xx_hal_gpio.o(.revsh_text), (4 bytes).
    Removing stm32f4xx_hal_gpio.o(.rrx_text), (6 bytes).
    Removing stm32f4xx_hal_gpio.o(i.HAL_GPIO_DeInit), (312 bytes).
    Removing stm32f4xx_hal_gpio.o(i.HAL_GPIO_EXTI_Callback), (2 bytes).
    Removing stm32f4xx_hal_gpio.o(i.HAL_GPIO_LockPin), (46 bytes).
    Removing stm32f4xx_hal_gpio.o(i.HAL_GPIO_TogglePin), (8 bytes).
    Removing stm32f4xx_hal_i2c.o(.rev16_text), (4 bytes).
    Removing stm32f4xx_hal_i2c.o(.revsh_text), (4 bytes).
    Removing stm32f4xx_hal_i2c.o(.rrx_text), (6 bytes).
    Removing stm32f4xx_hal_i2c.o(i.HAL_I2C_AbortCpltCallback), (2 bytes).
    Removing stm32f4xx_hal_i2c.o(i.HAL_I2C_AddrCallback), (2 bytes).
    Removing stm32f4xx_hal_i2c.o(i.HAL_I2C_DeInit), (60 bytes).
    Removing stm32f4xx_hal_i2c.o(i.HAL_I2C_DisableListen_IT), (70 bytes).
    Removing stm32f4xx_hal_i2c.o(i.HAL_I2C_ER_IRQHandler), (228 bytes).
    Removing stm32f4xx_hal_i2c.o(i.HAL_I2C_EV_IRQHandler), (376 bytes).
    Removing stm32f4xx_hal_i2c.o(i.HAL_I2C_EnableListen_IT), (70 bytes).
    Removing stm32f4xx_hal_i2c.o(i.HAL_I2C_ErrorCallback), (2 bytes).
    Removing stm32f4xx_hal_i2c.o(i.HAL_I2C_GetError), (6 bytes).
    Removing stm32f4xx_hal_i2c.o(i.HAL_I2C_GetMode), (8 bytes).
    Removing stm32f4xx_hal_i2c.o(i.HAL_I2C_GetState), (8 bytes).
    Removing stm32f4xx_hal_i2c.o(i.HAL_I2C_IsDeviceReady), (436 bytes).
    Removing stm32f4xx_hal_i2c.o(i.HAL_I2C_ListenCpltCallback), (2 bytes).
    Removing stm32f4xx_hal_i2c.o(i.HAL_I2C_MasterRxCpltCallback), (2 bytes).
    Removing stm32f4xx_hal_i2c.o(i.HAL_I2C_MasterTxCpltCallback), (2 bytes).
    Removing stm32f4xx_hal_i2c.o(i.HAL_I2C_Master_Abort_IT), (110 bytes).
    Removing stm32f4xx_hal_i2c.o(i.HAL_I2C_Master_Receive_DMA), (372 bytes).
    Removing stm32f4xx_hal_i2c.o(i.HAL_I2C_Master_Receive_IT), (240 bytes).
    Removing stm32f4xx_hal_i2c.o(i.HAL_I2C_Master_Sequential_Receive_IT), (304 bytes).
    Removing stm32f4xx_hal_i2c.o(i.HAL_I2C_Master_Sequential_Transmit_IT), (272 bytes).
    Removing stm32f4xx_hal_i2c.o(i.HAL_I2C_Master_Transmit_DMA), (372 bytes).
    Removing stm32f4xx_hal_i2c.o(i.HAL_I2C_Master_Transmit_IT), (228 bytes).
    Removing stm32f4xx_hal_i2c.o(i.HAL_I2C_MemRxCpltCallback), (2 bytes).
    Removing stm32f4xx_hal_i2c.o(i.HAL_I2C_MemTxCpltCallback), (2 bytes).
    Removing stm32f4xx_hal_i2c.o(i.HAL_I2C_Mem_Read), (808 bytes).
    Removing stm32f4xx_hal_i2c.o(i.HAL_I2C_Mem_Read_DMA), (528 bytes).
    Removing stm32f4xx_hal_i2c.o(i.HAL_I2C_Mem_Read_IT), (252 bytes).
    Removing stm32f4xx_hal_i2c.o(i.HAL_I2C_Mem_Write), (392 bytes).
    Removing stm32f4xx_hal_i2c.o(i.HAL_I2C_Mem_Write_DMA), (388 bytes).
    Removing stm32f4xx_hal_i2c.o(i.HAL_I2C_Mem_Write_IT), (236 bytes).
    Removing stm32f4xx_hal_i2c.o(i.HAL_I2C_MspDeInit), (2 bytes).
    Removing stm32f4xx_hal_i2c.o(i.HAL_I2C_MspInit), (2 bytes).
    Removing stm32f4xx_hal_i2c.o(i.HAL_I2C_SlaveRxCpltCallback), (2 bytes).
    Removing stm32f4xx_hal_i2c.o(i.HAL_I2C_SlaveTxCpltCallback), (2 bytes).
    Removing stm32f4xx_hal_i2c.o(i.HAL_I2C_Slave_Receive), (408 bytes).
    Removing stm32f4xx_hal_i2c.o(i.HAL_I2C_Slave_Receive_DMA), (308 bytes).
    Removing stm32f4xx_hal_i2c.o(i.HAL_I2C_Slave_Receive_IT), (232 bytes).
    Removing stm32f4xx_hal_i2c.o(i.HAL_I2C_Slave_Sequential_Receive_IT), (154 bytes).
    Removing stm32f4xx_hal_i2c.o(i.HAL_I2C_Slave_Sequential_Transmit_IT), (154 bytes).
    Removing stm32f4xx_hal_i2c.o(i.HAL_I2C_Slave_Transmit), (412 bytes).
    Removing stm32f4xx_hal_i2c.o(i.HAL_I2C_Slave_Transmit_DMA), (308 bytes).
    Removing stm32f4xx_hal_i2c.o(i.HAL_I2C_Slave_Transmit_IT), (232 bytes).
    Removing stm32f4xx_hal_i2c.o(i.I2C_DMAAbort), (104 bytes).
    Removing stm32f4xx_hal_i2c.o(i.I2C_DMAError), (60 bytes).
    Removing stm32f4xx_hal_i2c.o(i.I2C_DMAXferCplt), (166 bytes).
    Removing stm32f4xx_hal_i2c.o(i.I2C_ITError), (368 bytes).
    Removing stm32f4xx_hal_i2c.o(i.I2C_MasterReceive_BTF), (272 bytes).
    Removing stm32f4xx_hal_i2c.o(i.I2C_MasterReceive_RXNE), (160 bytes).
    Removing stm32f4xx_hal_i2c.o(i.I2C_MasterTransmit_BTF), (160 bytes).
    Removing stm32f4xx_hal_i2c.o(i.I2C_MasterTransmit_TXE), (330 bytes).
    Removing stm32f4xx_hal_i2c.o(i.I2C_Master_ADD10), (14 bytes).
    Removing stm32f4xx_hal_i2c.o(i.I2C_Master_ADDR), (558 bytes).
    Removing stm32f4xx_hal_i2c.o(i.I2C_Master_SB), (130 bytes).
    Removing stm32f4xx_hal_i2c.o(i.I2C_RequestMemoryRead), (344 bytes).
    Removing stm32f4xx_hal_i2c.o(i.I2C_RequestMemoryWrite), (224 bytes).
    Removing stm32f4xx_hal_i2c.o(i.I2C_SlaveReceive_BTF), (30 bytes).
    Removing stm32f4xx_hal_i2c.o(i.I2C_SlaveReceive_RXNE), (72 bytes).
    Removing stm32f4xx_hal_i2c.o(i.I2C_SlaveTransmit_BTF), (28 bytes).
    Removing stm32f4xx_hal_i2c.o(i.I2C_SlaveTransmit_TXE), (70 bytes).
    Removing stm32f4xx_hal_i2c.o(i.I2C_Slave_ADDR), (54 bytes).
    Removing stm32f4xx_hal_i2c.o(i.I2C_Slave_AF), (164 bytes).
    Removing stm32f4xx_hal_i2c.o(i.I2C_Slave_STOPF), (272 bytes).
    Removing stm32f4xx_hal_i2c.o(i.I2C_WaitOnSTOPFlagUntilTimeout), (82 bytes).
    Removing stm32f4xx_hal_i2c_ex.o(.rev16_text), (4 bytes).
    Removing stm32f4xx_hal_i2c_ex.o(.revsh_text), (4 bytes).
    Removing stm32f4xx_hal_i2c_ex.o(.rrx_text), (6 bytes).
    Removing stm32f4xx_hal_i2c_ex.o(i.HAL_I2CEx_ConfigAnalogFilter), (76 bytes).
    Removing stm32f4xx_hal_i2c_ex.o(i.HAL_I2CEx_ConfigDigitalFilter), (80 bytes).
    Removing stm32f4xx_hal_pwr.o(.rev16_text), (4 bytes).
    Removing stm32f4xx_hal_pwr.o(.revsh_text), (4 bytes).
    Removing stm32f4xx_hal_pwr.o(.rrx_text), (6 bytes).
    Removing stm32f4xx_hal_pwr.o(i.HAL_PWR_ConfigPVD), (180 bytes).
    Removing stm32f4xx_hal_pwr.o(i.HAL_PWR_DeInit), (28 bytes).
    Removing stm32f4xx_hal_pwr.o(i.HAL_PWR_DisableBkUpAccess), (12 bytes).
    Removing stm32f4xx_hal_pwr.o(i.HAL_PWR_DisablePVD), (12 bytes).
    Removing stm32f4xx_hal_pwr.o(i.HAL_PWR_DisableSEVOnPend), (20 bytes).
    Removing stm32f4xx_hal_pwr.o(i.HAL_PWR_DisableSleepOnExit), (20 bytes).
    Removing stm32f4xx_hal_pwr.o(i.HAL_PWR_DisableWakeUpPin), (16 bytes).
    Removing stm32f4xx_hal_pwr.o(i.HAL_PWR_EnableBkUpAccess), (12 bytes).
    Removing stm32f4xx_hal_pwr.o(i.HAL_PWR_EnablePVD), (12 bytes).
    Removing stm32f4xx_hal_pwr.o(i.HAL_PWR_EnableSEVOnPend), (20 bytes).
    Removing stm32f4xx_hal_pwr.o(i.HAL_PWR_EnableSleepOnExit), (20 bytes).
    Removing stm32f4xx_hal_pwr.o(i.HAL_PWR_EnableWakeUpPin), (16 bytes).
    Removing stm32f4xx_hal_pwr.o(i.HAL_PWR_EnterSLEEPMode), (32 bytes).
    Removing stm32f4xx_hal_pwr.o(i.HAL_PWR_EnterSTANDBYMode), (40 bytes).
    Removing stm32f4xx_hal_pwr.o(i.HAL_PWR_EnterSTOPMode), (64 bytes).
    Removing stm32f4xx_hal_pwr.o(i.HAL_PWR_PVDCallback), (2 bytes).
    Removing stm32f4xx_hal_pwr.o(i.HAL_PWR_PVD_IRQHandler), (32 bytes).
    Removing stm32f4xx_hal_pwr_ex.o(.rev16_text), (4 bytes).
    Removing stm32f4xx_hal_pwr_ex.o(.revsh_text), (4 bytes).
    Removing stm32f4xx_hal_pwr_ex.o(.rrx_text), (6 bytes).
    Removing stm32f4xx_hal_pwr_ex.o(i.HAL_PWREx_ControlVoltageScaling), (228 bytes).
    Removing stm32f4xx_hal_pwr_ex.o(i.HAL_PWREx_DisableBkUpReg), (60 bytes).
    Removing stm32f4xx_hal_pwr_ex.o(i.HAL_PWREx_DisableFlashPowerDown), (12 bytes).
    Removing stm32f4xx_hal_pwr_ex.o(i.HAL_PWREx_DisableLowRegulatorLowVoltage), (12 bytes).
    Removing stm32f4xx_hal_pwr_ex.o(i.HAL_PWREx_DisableMainRegulatorLowVoltage), (12 bytes).
    Removing stm32f4xx_hal_pwr_ex.o(i.HAL_PWREx_EnableBkUpReg), (60 bytes).
    Removing stm32f4xx_hal_pwr_ex.o(i.HAL_PWREx_EnableFlashPowerDown), (12 bytes).
    Removing stm32f4xx_hal_pwr_ex.o(i.HAL_PWREx_EnableLowRegulatorLowVoltage), (12 bytes).
    Removing stm32f4xx_hal_pwr_ex.o(i.HAL_PWREx_EnableMainRegulatorLowVoltage), (12 bytes).
    Removing stm32f4xx_hal_pwr_ex.o(i.HAL_PWREx_GetVoltageRange), (16 bytes).
    Removing stm32f4xx_hal_rcc.o(.rev16_text), (4 bytes).
    Removing stm32f4xx_hal_rcc.o(.revsh_text), (4 bytes).
    Removing stm32f4xx_hal_rcc.o(.rrx_text), (6 bytes).
    Removing stm32f4xx_hal_rcc.o(i.HAL_RCC_CSSCallback), (2 bytes).
    Removing stm32f4xx_hal_rcc.o(i.HAL_RCC_DeInit), (4 bytes).
    Removing stm32f4xx_hal_rcc.o(i.HAL_RCC_DisableCSS), (12 bytes).
    Removing stm32f4xx_hal_rcc.o(i.HAL_RCC_EnableCSS), (12 bytes).
    Removing stm32f4xx_hal_rcc.o(i.HAL_RCC_GetClockConfig), (68 bytes).
    Removing stm32f4xx_hal_rcc.o(i.HAL_RCC_GetOscConfig), (244 bytes).
    Removing stm32f4xx_hal_rcc.o(i.HAL_RCC_MCOConfig), (192 bytes).
    Removing stm32f4xx_hal_rcc.o(i.HAL_RCC_NMI_IRQHandler), (32 bytes).
    Removing stm32f4xx_hal_rcc_ex.o(.rev16_text), (4 bytes).
    Removing stm32f4xx_hal_rcc_ex.o(.revsh_text), (4 bytes).
    Removing stm32f4xx_hal_rcc_ex.o(.rrx_text), (6 bytes).
    Removing stm32f4xx_hal_rcc_ex.o(i.HAL_RCCEx_DisablePLLI2S), (56 bytes).
    Removing stm32f4xx_hal_rcc_ex.o(i.HAL_RCCEx_EnablePLLI2S), (112 bytes).
    Removing stm32f4xx_hal_rcc_ex.o(i.HAL_RCCEx_GetPeriphCLKConfig), (76 bytes).
    Removing stm32f4xx_hal_rcc_ex.o(i.HAL_RCCEx_GetPeriphCLKFreq), (144 bytes).
    Removing stm32f4xx_hal_rcc_ex.o(i.HAL_RCCEx_PeriphCLKConfig), (436 bytes).
    Removing stm32f4xx_hal_rcc_ex.o(i.HAL_RCC_DeInit), (376 bytes).
    Removing stm32f4xx_hal_tim.o(.rev16_text), (4 bytes).
    Removing stm32f4xx_hal_tim.o(.revsh_text), (4 bytes).
    Removing stm32f4xx_hal_tim.o(.rrx_text), (6 bytes).
    Removing stm32f4xx_hal_tim_ex.o(.rev16_text), (4 bytes).
    Removing stm32f4xx_hal_tim_ex.o(.revsh_text), (4 bytes).
    Removing stm32f4xx_hal_tim_ex.o(.rrx_text), (6 bytes).
    Removing stm32f4xx_hal_uart.o(.rev16_text), (4 bytes).
    Removing stm32f4xx_hal_uart.o(.revsh_text), (4 bytes).
    Removing stm32f4xx_hal_uart.o(.rrx_text), (6 bytes).
    Removing stm32f4xx_hal_uart.o(i.HAL_HalfDuplex_EnableReceiver), (68 bytes).
    Removing stm32f4xx_hal_uart.o(i.HAL_HalfDuplex_EnableTransmitter), (68 bytes).
    Removing stm32f4xx_hal_uart.o(i.HAL_HalfDuplex_Init), (118 bytes).
    Removing stm32f4xx_hal_uart.o(i.HAL_LIN_Init), (142 bytes).
    Removing stm32f4xx_hal_uart.o(i.HAL_LIN_SendBreak), (62 bytes).
    Removing stm32f4xx_hal_uart.o(i.HAL_MultiProcessor_EnterMuteMode), (62 bytes).
    Removing stm32f4xx_hal_uart.o(i.HAL_MultiProcessor_ExitMuteMode), (62 bytes).
    Removing stm32f4xx_hal_uart.o(i.HAL_MultiProcessor_Init), (154 bytes).
    Removing stm32f4xx_hal_uart.o(i.HAL_UART_Abort), (126 bytes).
    Removing stm32f4xx_hal_uart.o(i.HAL_UART_AbortCpltCallback), (2 bytes).
    Removing stm32f4xx_hal_uart.o(i.HAL_UART_AbortReceive), (80 bytes).
    Removing stm32f4xx_hal_uart.o(i.HAL_UART_AbortReceiveCpltCallback), (2 bytes).
    Removing stm32f4xx_hal_uart.o(i.HAL_UART_AbortReceive_IT), (120 bytes).
    Removing stm32f4xx_hal_uart.o(i.HAL_UART_AbortTransmit), (68 bytes).
    Removing stm32f4xx_hal_uart.o(i.HAL_UART_AbortTransmitCpltCallback), (2 bytes).
    Removing stm32f4xx_hal_uart.o(i.HAL_UART_AbortTransmit_IT), (108 bytes).
    Removing stm32f4xx_hal_uart.o(i.HAL_UART_Abort_IT), (216 bytes).
    Removing stm32f4xx_hal_uart.o(i.HAL_UART_DMAPause), (124 bytes).
    Removing stm32f4xx_hal_uart.o(i.HAL_UART_DMAResume), (126 bytes).
    Removing stm32f4xx_hal_uart.o(i.HAL_UART_DMAStop), (102 bytes).
    Removing stm32f4xx_hal_uart.o(i.HAL_UART_DeInit), (46 bytes).
    Removing stm32f4xx_hal_uart.o(i.HAL_UART_ErrorCallback), (2 bytes).
    Removing stm32f4xx_hal_uart.o(i.HAL_UART_GetError), (6 bytes).
    Removing stm32f4xx_hal_uart.o(i.HAL_UART_GetState), (20 bytes).
    Removing stm32f4xx_hal_uart.o(i.HAL_UART_IRQHandler), (332 bytes).
    Removing stm32f4xx_hal_uart.o(i.HAL_UART_MspDeInit), (2 bytes).
    Removing stm32f4xx_hal_uart.o(i.HAL_UART_MspInit), (2 bytes).
    Removing stm32f4xx_hal_uart.o(i.HAL_UART_Receive), (222 bytes).
    Removing stm32f4xx_hal_uart.o(i.HAL_UART_Receive_DMA), (196 bytes).
    Removing stm32f4xx_hal_uart.o(i.HAL_UART_Receive_IT), (100 bytes).
    Removing stm32f4xx_hal_uart.o(i.HAL_UART_RxCpltCallback), (2 bytes).
    Removing stm32f4xx_hal_uart.o(i.HAL_UART_RxHalfCpltCallback), (2 bytes).
    Removing stm32f4xx_hal_uart.o(i.HAL_UART_Transmit_DMA), (156 bytes).
    Removing stm32f4xx_hal_uart.o(i.HAL_UART_Transmit_IT), (88 bytes).
    Removing stm32f4xx_hal_uart.o(i.HAL_UART_TxCpltCallback), (2 bytes).
    Removing stm32f4xx_hal_uart.o(i.HAL_UART_TxHalfCpltCallback), (2 bytes).
    Removing stm32f4xx_hal_uart.o(i.UART_DMAAbortOnError), (20 bytes).
    Removing stm32f4xx_hal_uart.o(i.UART_DMAError), (80 bytes).
    Removing stm32f4xx_hal_uart.o(i.UART_DMAReceiveCplt), (70 bytes).
    Removing stm32f4xx_hal_uart.o(i.UART_DMARxAbortCallback), (52 bytes).
    Removing stm32f4xx_hal_uart.o(i.UART_DMARxHalfCplt), (14 bytes).
    Removing stm32f4xx_hal_uart.o(i.UART_DMARxOnlyAbortCallback), (24 bytes).
    Removing stm32f4xx_hal_uart.o(i.UART_DMATransmitCplt), (54 bytes).
    Removing stm32f4xx_hal_uart.o(i.UART_DMATxAbortCallback), (52 bytes).
    Removing stm32f4xx_hal_uart.o(i.UART_DMATxHalfCplt), (14 bytes).
    Removing stm32f4xx_hal_uart.o(i.UART_DMATxOnlyAbortCallback), (24 bytes).
    Removing stm32f4xx_hal_uart.o(i.UART_EndRxTransfer), (32 bytes).
    Removing stm32f4xx_hal_uart.o(i.UART_EndTransmit_IT), (32 bytes).
    Removing stm32f4xx_hal_uart.o(i.UART_EndTxTransfer), (20 bytes).
    Removing stm32f4xx_hal_uart.o(i.UART_Receive_IT), (154 bytes).
    Removing stm32f4xx_hal_uart.o(i.UART_Transmit_IT), (104 bytes).
    Removing stm32f4xx_hal_usart.o(.rev16_text), (4 bytes).
    Removing stm32f4xx_hal_usart.o(.revsh_text), (4 bytes).
    Removing stm32f4xx_hal_usart.o(.rrx_text), (6 bytes).
    Removing x-nucleo-53l1a1.o(.rev16_text), (4 bytes).
    Removing x-nucleo-53l1a1.o(.revsh_text), (4 bytes).
    Removing x-nucleo-53l1a1.o(.rrx_text), (6 bytes).
    Removing x-nucleo-53l1a1.o(i.NVIC_ClearPendingIRQ), (24 bytes).
    Removing x-nucleo-53l1a1.o(i.VL53L1A1_EXTI_IOConfigure), (264 bytes).
    Removing x-nucleo-53l1a1.o(i.VL53L1A1_EXTI_IOUnconfigure), (108 bytes).
    Removing x-nucleo-53l1a1.o(i.XNUCLEO53L1A1_GetPB1), (56 bytes).
    Removing x-nucleo-53l1a1.o(i.XNUCLEO53L1A1_SetDisplayString), (120 bytes).
    Removing x-nucleo-53l1a1.o(i.XNUCLEO53L1A1_SetIntrStateId), (140 bytes).
    Removing x-nucleo-53l1a1.o(.constdata), (256 bytes).
    Removing vl53l1x_api.o(i.VL53L1X_GetAmbientPerSpad), (120 bytes).
    Removing vl53l1x_api.o(i.VL53L1X_GetDistanceThresholdHigh), (30 bytes).
    Removing vl53l1x_api.o(i.VL53L1X_GetDistanceThresholdLow), (30 bytes).
    Removing vl53l1x_api.o(i.VL53L1X_GetDistanceThresholdWindow), (34 bytes).
    Removing vl53l1x_api.o(i.VL53L1X_GetInterMeasurementInMs), (128 bytes).
    Removing vl53l1x_api.o(i.VL53L1X_GetOffset), (54 bytes).
    Removing vl53l1x_api.o(i.VL53L1X_GetROICenter), (30 bytes).
    Removing vl53l1x_api.o(i.VL53L1X_GetROI_XY), (50 bytes).
    Removing vl53l1x_api.o(i.VL53L1X_GetResult), (120 bytes).
    Removing vl53l1x_api.o(i.VL53L1X_GetSWVersion), (18 bytes).
    Removing vl53l1x_api.o(i.VL53L1X_GetSensorId), (36 bytes).
    Removing vl53l1x_api.o(i.VL53L1X_GetSigmaThreshold), (32 bytes).
    Removing vl53l1x_api.o(i.VL53L1X_GetSignalPerSpad), (120 bytes).
    Removing vl53l1x_api.o(i.VL53L1X_GetSignalThreshold), (38 bytes).
    Removing vl53l1x_api.o(i.VL53L1X_GetXtalk), (38 bytes).
    Removing vl53l1x_api.o(i.VL53L1X_SetDistanceThreshold), (130 bytes).
    Removing vl53l1x_api.o(i.VL53L1X_SetI2CAddress), (24 bytes).
    Removing vl53l1x_api.o(i.VL53L1X_SetInterruptPolarity), (60 bytes).
    Removing vl53l1x_api.o(i.VL53L1X_SetOffset), (50 bytes).
    Removing vl53l1x_api.o(i.VL53L1X_SetROI), (86 bytes).
    Removing vl53l1x_api.o(i.VL53L1X_SetROICenter), (24 bytes).
    Removing vl53l1x_api.o(i.VL53L1X_SetSigmaThreshold), (40 bytes).
    Removing vl53l1x_api.o(i.VL53L1X_SetSignalThreshold), (22 bytes).
    Removing vl53l1x_api.o(i.VL53L1X_SetXtalk), (64 bytes).
    Removing vl53l1x_api.o(i.VL53L1X_StartTemperatureUpdate), (110 bytes).
    Removing vl53l1x_calibration.o(i.VL53L1X_CalibrateOffset), (170 bytes).
    Removing vl53l1x_calibration.o(i.VL53L1X_CalibrateXtalk), (324 bytes).
    Removing ddiv.o(.text), (222 bytes).
    Removing dadd.o(.text), (334 bytes).
    Removing dfixul.o(.text), (48 bytes).
    Removing cdrcmple.o(.text), (48 bytes).

376 unused section(s) (total 33740 bytes) removed from the image.

==============================================================================

Image Symbol Table

    Local Symbols

    Symbol Name                              Value     Ov Type        Size  Object(Section)

    ../../Src/stm32f4xx_hal_msp.c            0x00000000   Number         0  stm32f4xx_hal_msp.o ABSOLUTE
    ../../Src/stm32f4xx_it.c                 0x00000000   Number         0  stm32f4xx_it.o ABSOLUTE
    ../clib/microlib/division.c              0x00000000   Number         0  uldiv.o ABSOLUTE
    ../clib/microlib/division.c              0x00000000   Number         0  uidiv.o ABSOLUTE
    ../clib/microlib/init/entry.s            0x00000000   Number         0  entry5.o ABSOLUTE
    ../clib/microlib/init/entry.s            0x00000000   Number         0  entry8a.o ABSOLUTE
    ../clib/microlib/init/entry.s            0x00000000   Number         0  entry10a.o ABSOLUTE
    ../clib/microlib/init/entry.s            0x00000000   Number         0  entry.o ABSOLUTE
    ../clib/microlib/init/entry.s            0x00000000   Number         0  entry9b.o ABSOLUTE
    ../clib/microlib/init/entry.s            0x00000000   Number         0  entry9a.o ABSOLUTE
    ../clib/microlib/init/entry.s            0x00000000   Number         0  entry7b.o ABSOLUTE
    ../clib/microlib/init/entry.s            0x00000000   Number         0  entry7a.o ABSOLUTE
    ../clib/microlib/init/entry.s            0x00000000   Number         0  entry2.o ABSOLUTE
    ../clib/microlib/init/entry.s            0x00000000   Number         0  entry11a.o ABSOLUTE
    ../clib/microlib/init/entry.s            0x00000000   Number         0  entry11b.o ABSOLUTE
    ../clib/microlib/init/entry.s            0x00000000   Number         0  entry8b.o ABSOLUTE
    ../clib/microlib/init/entry.s            0x00000000   Number         0  entry10b.o ABSOLUTE
    ../clib/microlib/longlong.c              0x00000000   Number         0  llushr.o ABSOLUTE
    ../clib/microlib/longlong.c              0x00000000   Number         0  llsshr.o ABSOLUTE
    ../clib/microlib/longlong.c              0x00000000   Number         0  llshl.o ABSOLUTE
    ../clib/microlib/printf/printf.c         0x00000000   Number         0  printf5.o ABSOLUTE
    ../clib/microlib/printf/printf.c         0x00000000   Number         0  printf4.o ABSOLUTE
    ../clib/microlib/printf/printf.c         0x00000000   Number         0  printf3.o ABSOLUTE
    ../clib/microlib/printf/printf.c         0x00000000   Number         0  printf7.o ABSOLUTE
    ../clib/microlib/printf/printf.c         0x00000000   Number         0  printfb.o ABSOLUTE
    ../clib/microlib/printf/printf.c         0x00000000   Number         0  printf0.o ABSOLUTE
    ../clib/microlib/printf/printf.c         0x00000000   Number         0  printf1.o ABSOLUTE
    ../clib/microlib/printf/printf.c         0x00000000   Number         0  printf2.o ABSOLUTE
    ../clib/microlib/printf/printf.c         0x00000000   Number         0  printfa.o ABSOLUTE
    ../clib/microlib/printf/printf.c         0x00000000   Number         0  printf8.o ABSOLUTE
    ../clib/microlib/printf/printf.c         0x00000000   Number         0  printf6.o ABSOLUTE
    ../clib/microlib/printf/stubs.s          0x00000000   Number         0  stubs.o ABSOLUTE
    ../clib/microlib/stdio/streams.c         0x00000000   Number         0  stdout.o ABSOLUTE
    ../clib/microlib/string/memcpy.c         0x00000000   Number         0  memcpyb.o ABSOLUTE
    ../clib/microlib/string/memcpy.c         0x00000000   Number         0  memcpya.o ABSOLUTE
    ../clib/microlib/stubs.s                 0x00000000   Number         0  iusefp.o ABSOLUTE
    ../fplib/microlib/fpadd.c                0x00000000   Number         0  dadd.o ABSOLUTE
    ../fplib/microlib/fpdiv.c                0x00000000   Number         0  ddiv.o ABSOLUTE
    ../fplib/microlib/fpepilogue.c           0x00000000   Number         0  depilogue.o ABSOLUTE
    ../fplib/microlib/fpfix.c                0x00000000   Number         0  dfixul.o ABSOLUTE
    ../fplib/microlib/fpfix.c                0x00000000   Number         0  dfixui.o ABSOLUTE
    ../fplib/microlib/fpflt.c                0x00000000   Number         0  dfltui.o ABSOLUTE
    ../fplib/microlib/fpmul.c                0x00000000   Number         0  dmul.o ABSOLUTE
    ..\..\Drivers\BSP\Components\vl53l1x_uld\VL53L1X_api.c 0x00000000   Number         0  vl53l1x_api.o ABSOLUTE
    ..\..\Drivers\BSP\Components\vl53l1x_uld\VL53L1X_calibration.c 0x00000000   Number         0  vl53l1x_calibration.o ABSOLUTE
    ..\..\Drivers\BSP\X-NUCLEO-53L1A1\X-NUCLEO-53L1A1.c 0x00000000   Number         0  x-nucleo-53l1a1.o ABSOLUTE
    ..\..\Drivers\CMSIS\Device\ST\STM32F4xx\Source\Templates\arm\startup_stm32f401xe.s 0x00000000   Number         0  startup_stm32f401xe.o ABSOLUTE
    ..\..\Drivers\CMSIS\Device\ST\STM32F4xx\Source\Templates\system_stm32f4xx.c 0x00000000   Number         0  system_stm32f4xx.o ABSOLUTE
    ..\..\Drivers\STM32F4xx_HAL_Driver\Src\stm32f4xx_hal.c 0x00000000   Number         0  stm32f4xx_hal.o ABSOLUTE
    ..\..\Drivers\STM32F4xx_HAL_Driver\Src\stm32f4xx_hal_cortex.c 0x00000000   Number         0  stm32f4xx_hal_cortex.o ABSOLUTE
    ..\..\Drivers\STM32F4xx_HAL_Driver\Src\stm32f4xx_hal_dma.c 0x00000000   Number         0  stm32f4xx_hal_dma.o ABSOLUTE
    ..\..\Drivers\STM32F4xx_HAL_Driver\Src\stm32f4xx_hal_dma_ex.c 0x00000000   Number         0  stm32f4xx_hal_dma_ex.o ABSOLUTE
    ..\..\Drivers\STM32F4xx_HAL_Driver\Src\stm32f4xx_hal_flash.c 0x00000000   Number         0  stm32f4xx_hal_flash.o ABSOLUTE
    ..\..\Drivers\STM32F4xx_HAL_Driver\Src\stm32f4xx_hal_flash_ex.c 0x00000000   Number         0  stm32f4xx_hal_flash_ex.o ABSOLUTE
    ..\..\Drivers\STM32F4xx_HAL_Driver\Src\stm32f4xx_hal_flash_ramfunc.c 0x00000000   Number         0  stm32f4xx_hal_flash_ramfunc.o ABSOLUTE
    ..\..\Drivers\STM32F4xx_HAL_Driver\Src\stm32f4xx_hal_gpio.c 0x00000000   Number         0  stm32f4xx_hal_gpio.o ABSOLUTE
    ..\..\Drivers\STM32F4xx_HAL_Driver\Src\stm32f4xx_hal_i2c.c 0x00000000   Number         0  stm32f4xx_hal_i2c.o ABSOLUTE
    ..\..\Drivers\STM32F4xx_HAL_Driver\Src\stm32f4xx_hal_i2c_ex.c 0x00000000   Number         0  stm32f4xx_hal_i2c_ex.o ABSOLUTE
    ..\..\Drivers\STM32F4xx_HAL_Driver\Src\stm32f4xx_hal_pwr.c 0x00000000   Number         0  stm32f4xx_hal_pwr.o ABSOLUTE
    ..\..\Drivers\STM32F4xx_HAL_Driver\Src\stm32f4xx_hal_pwr_ex.c 0x00000000   Number         0  stm32f4xx_hal_pwr_ex.o ABSOLUTE
    ..\..\Drivers\STM32F4xx_HAL_Driver\Src\stm32f4xx_hal_rcc.c 0x00000000   Number         0  stm32f4xx_hal_rcc.o ABSOLUTE
    ..\..\Drivers\STM32F4xx_HAL_Driver\Src\stm32f4xx_hal_rcc_ex.c 0x00000000   Number         0  stm32f4xx_hal_rcc_ex.o ABSOLUTE
    ..\..\Drivers\STM32F4xx_HAL_Driver\Src\stm32f4xx_hal_tim.c 0x00000000   Number         0  stm32f4xx_hal_tim.o ABSOLUTE
    ..\..\Drivers\STM32F4xx_HAL_Driver\Src\stm32f4xx_hal_tim_ex.c 0x00000000   Number         0  stm32f4xx_hal_tim_ex.o ABSOLUTE
    ..\..\Drivers\STM32F4xx_HAL_Driver\Src\stm32f4xx_hal_uart.c 0x00000000   Number         0  stm32f4xx_hal_uart.o ABSOLUTE
    ..\..\Drivers\STM32F4xx_HAL_Driver\Src\stm32f4xx_hal_usart.c 0x00000000   Number         0  stm32f4xx_hal_usart.o ABSOLUTE
    ..\..\Src\main.c                         0x00000000   Number         0  main.o ABSOLUTE
    ..\..\Src\stm32f4xx_hal_msp.c            0x00000000   Number         0  stm32f4xx_hal_msp.o ABSOLUTE
    ..\..\Src\stm32f4xx_it.c                 0x00000000   Number         0  stm32f4xx_it.o ABSOLUTE
    ..\..\Src\vl53l1_platform.c              0x00000000   Number         0  vl53l1_platform.o ABSOLUTE
    ..\\..\\Drivers\\BSP\\X-NUCLEO-53L1A1\\X-NUCLEO-53L1A1.c 0x00000000   Number         0  x-nucleo-53l1a1.o ABSOLUTE
    ..\\..\\Drivers\\CMSIS\\Device\\ST\\STM32F4xx\\Source\\Templates\\system_stm32f4xx.c 0x00000000   Number         0  system_stm32f4xx.o ABSOLUTE
    ..\\..\\Drivers\\STM32F4xx_HAL_Driver\\Src\\stm32f4xx_hal.c 0x00000000   Number         0  stm32f4xx_hal.o ABSOLUTE
    ..\\..\\Drivers\\STM32F4xx_HAL_Driver\\Src\\stm32f4xx_hal_cortex.c 0x00000000   Number         0  stm32f4xx_hal_cortex.o ABSOLUTE
    ..\\..\\Drivers\\STM32F4xx_HAL_Driver\\Src\\stm32f4xx_hal_dma.c 0x00000000   Number         0  stm32f4xx_hal_dma.o ABSOLUTE
    ..\\..\\Drivers\\STM32F4xx_HAL_Driver\\Src\\stm32f4xx_hal_dma_ex.c 0x00000000   Number         0  stm32f4xx_hal_dma_ex.o ABSOLUTE
    ..\\..\\Drivers\\STM32F4xx_HAL_Driver\\Src\\stm32f4xx_hal_flash.c 0x00000000   Number         0  stm32f4xx_hal_flash.o ABSOLUTE
    ..\\..\\Drivers\\STM32F4xx_HAL_Driver\\Src\\stm32f4xx_hal_flash_ex.c 0x00000000   Number         0  stm32f4xx_hal_flash_ex.o ABSOLUTE
    ..\\..\\Drivers\\STM32F4xx_HAL_Driver\\Src\\stm32f4xx_hal_flash_ramfunc.c 0x00000000   Number         0  stm32f4xx_hal_flash_ramfunc.o ABSOLUTE
    ..\\..\\Drivers\\STM32F4xx_HAL_Driver\\Src\\stm32f4xx_hal_gpio.c 0x00000000   Number         0  stm32f4xx_hal_gpio.o ABSOLUTE
    ..\\..\\Drivers\\STM32F4xx_HAL_Driver\\Src\\stm32f4xx_hal_i2c.c 0x00000000   Number         0  stm32f4xx_hal_i2c.o ABSOLUTE
    ..\\..\\Drivers\\STM32F4xx_HAL_Driver\\Src\\stm32f4xx_hal_i2c_ex.c 0x00000000   Number         0  stm32f4xx_hal_i2c_ex.o ABSOLUTE
    ..\\..\\Drivers\\STM32F4xx_HAL_Driver\\Src\\stm32f4xx_hal_pwr.c 0x00000000   Number         0  stm32f4xx_hal_pwr.o ABSOLUTE
    ..\\..\\Drivers\\STM32F4xx_HAL_Driver\\Src\\stm32f4xx_hal_pwr_ex.c 0x00000000   Number         0  stm32f4xx_hal_pwr_ex.o ABSOLUTE
    ..\\..\\Drivers\\STM32F4xx_HAL_Driver\\Src\\stm32f4xx_hal_rcc.c 0x00000000   Number         0  stm32f4xx_hal_rcc.o ABSOLUTE
    ..\\..\\Drivers\\STM32F4xx_HAL_Driver\\Src\\stm32f4xx_hal_rcc_ex.c 0x00000000   Number         0  stm32f4xx_hal_rcc_ex.o ABSOLUTE
    ..\\..\\Drivers\\STM32F4xx_HAL_Driver\\Src\\stm32f4xx_hal_tim.c 0x00000000   Number         0  stm32f4xx_hal_tim.o ABSOLUTE
    ..\\..\\Drivers\\STM32F4xx_HAL_Driver\\Src\\stm32f4xx_hal_tim_ex.c 0x00000000   Number         0  stm32f4xx_hal_tim_ex.o ABSOLUTE
    ..\\..\\Drivers\\STM32F4xx_HAL_Driver\\Src\\stm32f4xx_hal_uart.c 0x00000000   Number         0  stm32f4xx_hal_uart.o ABSOLUTE
    ..\\..\\Drivers\\STM32F4xx_HAL_Driver\\Src\\stm32f4xx_hal_usart.c 0x00000000   Number         0  stm32f4xx_hal_usart.o ABSOLUTE
    ..\\..\\Src\\main.c                      0x00000000   Number         0  main.o ABSOLUTE
    ..\\..\\Src\\vl53l1_platform.c           0x00000000   Number         0  vl53l1_platform.o ABSOLUTE
    cdrcmple.s                               0x00000000   Number         0  cdrcmple.o ABSOLUTE
    dc.s                                     0x00000000   Number         0  dc.o ABSOLUTE
    handlers.s                               0x00000000   Number         0  handlers.o ABSOLUTE
    init.s                                   0x00000000   Number         0  init.o ABSOLUTE
    RESET                                    0x08000000   Section      404  startup_stm32f401xe.o(RESET)
    .ARM.Collect$$$$00000000                 0x08000194   Section        0  entry.o(.ARM.Collect$$$$00000000)
    .ARM.Collect$$$$00000001                 0x08000194   Section        4  entry2.o(.ARM.Collect$$$$00000001)
    .ARM.Collect$$$$00000004                 0x08000198   Section        4  entry5.o(.ARM.Collect$$$$00000004)
    .ARM.Collect$$$$00000008                 0x0800019c   Section        0  entry7b.o(.ARM.Collect$$$$00000008)
    .ARM.Collect$$$$0000000A                 0x0800019c   Section        0  entry8b.o(.ARM.Collect$$$$0000000A)
    .ARM.Collect$$$$0000000B                 0x0800019c   Section        8  entry9a.o(.ARM.Collect$$$$0000000B)
    .ARM.Collect$$$$0000000D                 0x080001a4   Section        0  entry10a.o(.ARM.Collect$$$$0000000D)
    .ARM.Collect$$$$0000000F                 0x080001a4   Section        0  entry11a.o(.ARM.Collect$$$$0000000F)
    .ARM.Collect$$$$00002712                 0x080001a4   Section        4  entry2.o(.ARM.Collect$$$$00002712)
    __lit__00000000                          0x080001a4   Data           4  entry2.o(.ARM.Collect$$$$00002712)
    .text                                    0x080001a8   Section       36  startup_stm32f401xe.o(.text)
    $v0                                      0x080001a8   Number         0  startup_stm32f401xe.o(.text)
    .text                                    0x080001cc   Section        0  uldiv.o(.text)
    .text                                    0x0800022e   Section        0  memcpya.o(.text)
    .text                                    0x08000252   Section        0  dmul.o(.text)
    .text                                    0x08000336   Section        0  dfltui.o(.text)
    .text                                    0x08000350   Section        0  dfixui.o(.text)
    .text                                    0x08000382   Section        0  llshl.o(.text)
    .text                                    0x080003a0   Section        0  llushr.o(.text)
    .text                                    0x080003c0   Section        0  depilogue.o(.text)
    .text                                    0x080003c0   Section        0  iusefp.o(.text)
    .text                                    0x0800047c   Section       36  init.o(.text)
    i.EXTI4_IRQHandler                       0x080004a0   Section        0  stm32f4xx_it.o(i.EXTI4_IRQHandler)
    i.Error_Handler                          0x080004aa   Section        0  main.o(i.Error_Handler)
    i.HAL_Delay                              0x080004b0   Section        0  stm32f4xx_hal.o(i.HAL_Delay)
    i.HAL_GPIO_EXTI_Callback                 0x080004d8   Section        0  main.o(i.HAL_GPIO_EXTI_Callback)
    i.HAL_GPIO_EXTI_IRQHandler               0x080004ec   Section        0  stm32f4xx_hal_gpio.o(i.HAL_GPIO_EXTI_IRQHandler)
    i.HAL_GPIO_Init                          0x08000508   Section        0  stm32f4xx_hal_gpio.o(i.HAL_GPIO_Init)
    i.HAL_GPIO_ReadPin                       0x080006dc   Section        0  stm32f4xx_hal_gpio.o(i.HAL_GPIO_ReadPin)
    i.HAL_GPIO_WritePin                      0x080006ec   Section        0  stm32f4xx_hal_gpio.o(i.HAL_GPIO_WritePin)
    i.HAL_GetTick                            0x080006f8   Section        0  stm32f4xx_hal.o(i.HAL_GetTick)
    i.HAL_I2C_Init                           0x08000704   Section        0  stm32f4xx_hal_i2c.o(i.HAL_I2C_Init)
    i.HAL_I2C_Master_Receive                 0x0800082c   Section        0  stm32f4xx_hal_i2c.o(i.HAL_I2C_Master_Receive)
    i.HAL_I2C_Master_Transmit                0x08000b54   Section        0  stm32f4xx_hal_i2c.o(i.HAL_I2C_Master_Transmit)
    i.HAL_I2C_MspInit                        0x08000ce8   Section        0  stm32f4xx_hal_msp.o(i.HAL_I2C_MspInit)
    i.HAL_IncTick                            0x08000d44   Section        0  stm32f4xx_hal.o(i.HAL_IncTick)
    i.HAL_Init                               0x08000d5c   Section        0  stm32f4xx_hal.o(i.HAL_Init)
    i.HAL_InitTick                           0x08000d98   Section        0  stm32f4xx_hal.o(i.HAL_InitTick)
    i.HAL_MspInit                            0x08000de4   Section        0  stm32f4xx_hal_msp.o(i.HAL_MspInit)
    i.HAL_NVIC_EnableIRQ                     0x08000e3a   Section        0  stm32f4xx_hal_cortex.o(i.HAL_NVIC_EnableIRQ)
    i.HAL_NVIC_SetPriority                   0x08000e54   Section        0  stm32f4xx_hal_cortex.o(i.HAL_NVIC_SetPriority)
    i.HAL_NVIC_SetPriorityGrouping           0x08000ed0   Section        0  stm32f4xx_hal_cortex.o(i.HAL_NVIC_SetPriorityGrouping)
    i.HAL_RCC_ClockConfig                    0x08000ef8   Section        0  stm32f4xx_hal_rcc.o(i.HAL_RCC_ClockConfig)
    i.HAL_RCC_GetHCLKFreq                    0x08001078   Section        0  stm32f4xx_hal_rcc.o(i.HAL_RCC_GetHCLKFreq)
    i.HAL_RCC_GetPCLK1Freq                   0x08001084   Section        0  stm32f4xx_hal_rcc.o(i.HAL_RCC_GetPCLK1Freq)
    i.HAL_RCC_GetPCLK2Freq                   0x080010a4   Section        0  stm32f4xx_hal_rcc.o(i.HAL_RCC_GetPCLK2Freq)
    i.HAL_RCC_GetSysClockFreq                0x080010c4   Section        0  stm32f4xx_hal_rcc.o(i.HAL_RCC_GetSysClockFreq)
    i.HAL_RCC_OscConfig                      0x08001174   Section        0  stm32f4xx_hal_rcc.o(i.HAL_RCC_OscConfig)
    i.HAL_SYSTICK_CLKSourceConfig            0x080015bc   Section        0  stm32f4xx_hal_cortex.o(i.HAL_SYSTICK_CLKSourceConfig)
    i.HAL_SYSTICK_Callback                   0x080015e4   Section        0  stm32f4xx_hal_cortex.o(i.HAL_SYSTICK_Callback)
    i.HAL_SYSTICK_Config                     0x080015e6   Section        0  stm32f4xx_hal_cortex.o(i.HAL_SYSTICK_Config)
    i.HAL_SYSTICK_IRQHandler                 0x0800161a   Section        0  stm32f4xx_hal_cortex.o(i.HAL_SYSTICK_IRQHandler)
    i.HAL_UART_Init                          0x08001622   Section        0  stm32f4xx_hal_uart.o(i.HAL_UART_Init)
    i.HAL_UART_MspInit                       0x08001694   Section        0  stm32f4xx_hal_msp.o(i.HAL_UART_MspInit)
    i.HAL_UART_Transmit                      0x080016ec   Section        0  stm32f4xx_hal_uart.o(i.HAL_UART_Transmit)
    i.I2C_IsAcknowledgeFailed                0x080017c2   Section        0  stm32f4xx_hal_i2c.o(i.I2C_IsAcknowledgeFailed)
    I2C_IsAcknowledgeFailed                  0x080017c3   Thumb Code    52  stm32f4xx_hal_i2c.o(i.I2C_IsAcknowledgeFailed)
    i.I2C_MasterRequestRead                  0x080017f8   Section        0  stm32f4xx_hal_i2c.o(i.I2C_MasterRequestRead)
    I2C_MasterRequestRead                    0x080017f9   Thumb Code   298  stm32f4xx_hal_i2c.o(i.I2C_MasterRequestRead)
    i.I2C_MasterRequestWrite                 0x08001928   Section        0  stm32f4xx_hal_i2c.o(i.I2C_MasterRequestWrite)
    I2C_MasterRequestWrite                   0x08001929   Thumb Code   186  stm32f4xx_hal_i2c.o(i.I2C_MasterRequestWrite)
    i.I2C_WaitOnBTFFlagUntilTimeout          0x080019e8   Section        0  stm32f4xx_hal_i2c.o(i.I2C_WaitOnBTFFlagUntilTimeout)
    I2C_WaitOnBTFFlagUntilTimeout            0x080019e9   Thumb Code    86  stm32f4xx_hal_i2c.o(i.I2C_WaitOnBTFFlagUntilTimeout)
    i.I2C_WaitOnFlagUntilTimeout             0x08001a3e   Section        0  stm32f4xx_hal_i2c.o(i.I2C_WaitOnFlagUntilTimeout)
    I2C_WaitOnFlagUntilTimeout               0x08001a3f   Thumb Code   124  stm32f4xx_hal_i2c.o(i.I2C_WaitOnFlagUntilTimeout)
    i.I2C_WaitOnMasterAddressFlagUntilTimeout 0x08001aba   Section        0  stm32f4xx_hal_i2c.o(i.I2C_WaitOnMasterAddressFlagUntilTimeout)
    I2C_WaitOnMasterAddressFlagUntilTimeout  0x08001abb   Thumb Code   172  stm32f4xx_hal_i2c.o(i.I2C_WaitOnMasterAddressFlagUntilTimeout)
    i.I2C_WaitOnRXNEFlagUntilTimeout         0x08001b66   Section        0  stm32f4xx_hal_i2c.o(i.I2C_WaitOnRXNEFlagUntilTimeout)
    I2C_WaitOnRXNEFlagUntilTimeout           0x08001b67   Thumb Code   110  stm32f4xx_hal_i2c.o(i.I2C_WaitOnRXNEFlagUntilTimeout)
    i.I2C_WaitOnTXEFlagUntilTimeout          0x08001bd4   Section        0  stm32f4xx_hal_i2c.o(i.I2C_WaitOnTXEFlagUntilTimeout)
    I2C_WaitOnTXEFlagUntilTimeout            0x08001bd5   Thumb Code    86  stm32f4xx_hal_i2c.o(i.I2C_WaitOnTXEFlagUntilTimeout)
    i.MX_GPIO_Init                           0x08001c2c   Section        0  main.o(i.MX_GPIO_Init)
    MX_GPIO_Init                             0x08001c2d   Thumb Code   220  main.o(i.MX_GPIO_Init)
    i.MX_I2C1_Init                           0x08001d18   Section        0  main.o(i.MX_I2C1_Init)
    MX_I2C1_Init                             0x08001d19   Thumb Code    48  main.o(i.MX_I2C1_Init)
    i.MX_USART2_UART_Init                    0x08001d54   Section        0  main.o(i.MX_USART2_UART_Init)
    MX_USART2_UART_Init                      0x08001d55   Thumb Code    46  main.o(i.MX_USART2_UART_Init)
    i.NVIC_GetPriorityGrouping               0x08001d8c   Section        0  stm32f4xx_hal_cortex.o(i.NVIC_GetPriorityGrouping)
    NVIC_GetPriorityGrouping                 0x08001d8d   Thumb Code    10  stm32f4xx_hal_cortex.o(i.NVIC_GetPriorityGrouping)
    i.NVIC_SetPriority                       0x08001d9c   Section        0  stm32f4xx_hal_cortex.o(i.NVIC_SetPriority)
    NVIC_SetPriority                         0x08001d9d   Thumb Code    32  stm32f4xx_hal_cortex.o(i.NVIC_SetPriority)
    i.SysTick_Handler                        0x08001dc4   Section        0  stm32f4xx_it.o(i.SysTick_Handler)
    i.SystemClock_Config                     0x08001dd0   Section        0  main.o(i.SystemClock_Config)
    i.SystemInit                             0x08001e9c   Section        0  system_stm32f4xx.o(i.SystemInit)
    i.UART_SetConfig                         0x08001f00   Section        0  stm32f4xx_hal_uart.o(i.UART_SetConfig)
    UART_SetConfig                           0x08001f01   Thumb Code   864  stm32f4xx_hal_uart.o(i.UART_SetConfig)
    i.UART_WaitOnFlagUntilTimeout            0x08002268   Section        0  stm32f4xx_hal_uart.o(i.UART_WaitOnFlagUntilTimeout)
    UART_WaitOnFlagUntilTimeout              0x08002269   Thumb Code   108  stm32f4xx_hal_uart.o(i.UART_WaitOnFlagUntilTimeout)
    i.VL53L1X_BootState                      0x080022d4   Section        0  vl53l1x_api.o(i.VL53L1X_BootState)
    i.VL53L1X_CheckForDataReady              0x080022f6   Section        0  vl53l1x_api.o(i.VL53L1X_CheckForDataReady)
    i.VL53L1X_ClearInterrupt                 0x08002334   Section        0  vl53l1x_api.o(i.VL53L1X_ClearInterrupt)
    i.VL53L1X_GetAmbientRate                 0x0800234a   Section        0  vl53l1x_api.o(i.VL53L1X_GetAmbientRate)
    i.VL53L1X_GetDistance                    0x08002370   Section        0  vl53l1x_api.o(i.VL53L1X_GetDistance)
    i.VL53L1X_GetDistanceMode                0x0800238e   Section        0  vl53l1x_api.o(i.VL53L1X_GetDistanceMode)
    i.VL53L1X_GetInterruptPolarity           0x080023be   Section        0  vl53l1x_api.o(i.VL53L1X_GetInterruptPolarity)
    i.VL53L1X_GetRangeStatus                 0x080023f0   Section        0  vl53l1x_api.o(i.VL53L1X_GetRangeStatus)
    i.VL53L1X_GetSignalRate                  0x0800242c   Section        0  vl53l1x_api.o(i.VL53L1X_GetSignalRate)
    i.VL53L1X_GetSpadNb                      0x08002452   Section        0  vl53l1x_api.o(i.VL53L1X_GetSpadNb)
    i.VL53L1X_GetTimingBudgetInMs            0x08002472   Section        0  vl53l1x_api.o(i.VL53L1X_GetTimingBudgetInMs)
    i.VL53L1X_SensorInit                     0x08002520   Section        0  vl53l1x_api.o(i.VL53L1X_SensorInit)
    i.VL53L1X_SetDistanceMode                0x08002598   Section        0  vl53l1x_api.o(i.VL53L1X_SetDistanceMode)
    i.VL53L1X_SetInterMeasurementInMs        0x08002670   Section        0  vl53l1x_api.o(i.VL53L1X_SetInterMeasurementInMs)
    i.VL53L1X_SetTimingBudgetInMs            0x080026d8   Section        0  vl53l1x_api.o(i.VL53L1X_SetTimingBudgetInMs)
    i.VL53L1X_StartRanging                   0x0800288a   Section        0  vl53l1x_api.o(i.VL53L1X_StartRanging)
    i.VL53L1X_StopRanging                    0x080028a0   Section        0  vl53l1x_api.o(i.VL53L1X_StopRanging)
    i.VL53L1_RdByte                          0x080028b8   Section        0  vl53l1_platform.o(i.VL53L1_RdByte)
    i.VL53L1_RdWord                          0x08002900   Section        0  vl53l1_platform.o(i.VL53L1_RdWord)
    i.VL53L1_WrByte                          0x08002958   Section        0  vl53l1_platform.o(i.VL53L1_WrByte)
    i.VL53L1_WrDWord                         0x08002990   Section        0  vl53l1_platform.o(i.VL53L1_WrDWord)
    i.VL53L1_WrWord                          0x080029d0   Section        0  vl53l1_platform.o(i.VL53L1_WrWord)
    i.XNUCLEO53L1A1_I2C1Configure            0x08002a08   Section        0  x-nucleo-53l1a1.o(i.XNUCLEO53L1A1_I2C1Configure)
    i.XNUCLEO53L1A1_Init                     0x08002ab4   Section        0  x-nucleo-53l1a1.o(i.XNUCLEO53L1A1_Init)
    i.XNUCLEO53L1A1_ResetId                  0x08002b58   Section        0  x-nucleo-53l1a1.o(i.XNUCLEO53L1A1_ResetId)
    i._ExpanderRd                            0x08002c14   Section        0  x-nucleo-53l1a1.o(i._ExpanderRd)
    _ExpanderRd                              0x08002c15   Thumb Code    72  x-nucleo-53l1a1.o(i._ExpanderRd)
    i._ExpanderWR                            0x08002c60   Section        0  x-nucleo-53l1a1.o(i._ExpanderWR)
    _ExpanderWR                              0x08002c61   Thumb Code    60  x-nucleo-53l1a1.o(i._ExpanderWR)
    i._ExpandersSetAllIO                     0x08002ca0   Section        0  x-nucleo-53l1a1.o(i._ExpandersSetAllIO)
    _ExpandersSetAllIO                       0x08002ca1   Thumb Code    42  x-nucleo-53l1a1.o(i._ExpandersSetAllIO)
    i._I2CRead                               0x08002cd0   Section        0  vl53l1_platform.o(i._I2CRead)
    i._I2CWrite                              0x08002cfc   Section        0  vl53l1_platform.o(i._I2CWrite)
    i._I2cFailRecover                        0x08002d28   Section        0  x-nucleo-53l1a1.o(i._I2cFailRecover)
    _I2cFailRecover                          0x08002d29   Thumb Code   284  x-nucleo-53l1a1.o(i._I2cFailRecover)
    i.__0printf$5                            0x08002e50   Section        0  printf5.o(i.__0printf$5)
    i.__scatterload_copy                     0x08002e70   Section       14  handlers.o(i.__scatterload_copy)
    i.__scatterload_null                     0x08002e7e   Section        2  handlers.o(i.__scatterload_null)
    i.__scatterload_zeroinit                 0x08002e80   Section       14  handlers.o(i.__scatterload_zeroinit)
    i._printf_core                           0x08002e90   Section        0  printf5.o(i._printf_core)
    _printf_core                             0x08002e91   Thumb Code   658  printf5.o(i._printf_core)
    i.fputc                                  0x08003150   Section        0  main.o(i.fputc)
    i.main                                   0x0800316c   Section        0  main.o(i.main)
    .constdata                               0x080033a8   Section       24  system_stm32f4xx.o(.constdata)
    .constdata                               0x080033c0   Section      115  vl53l1x_api.o(.constdata)
    status_rtn                               0x0800341b   Data          24  vl53l1x_api.o(.constdata)
    .data                                    0x20000000   Section        4  system_stm32f4xx.o(.data)
    .data                                    0x20000004   Section       12  main.o(.data)
    .data                                    0x20000010   Section        9  stm32f4xx_hal.o(.data)
    .data                                    0x2000001c   Section       20  x-nucleo-53l1a1.o(.data)
    CurIOVal                                 0x2000001c   Data           4  x-nucleo-53l1a1.o(.data)
    DisplayBitPos                            0x20000020   Data          16  x-nucleo-53l1a1.o(.data)
    .data                                    0x20000030   Section        4  stdout.o(.data)
    .bss                                     0x20000034   Section      148  main.o(.bss)
    .bss                                     0x200000c8   Section      256  vl53l1_platform.o(.bss)
    .bss                                     0x200001c8   Section       84  x-nucleo-53l1a1.o(.bss)
    STACK                                    0x20000220   Section     1024  startup_stm32f401xe.o(STACK)

    Global Symbols

    Symbol Name                              Value     Ov Type        Size  Object(Section)

    BuildAttributes$$THM_ISAv4$E$P$D$K$B$S$7EM$VFPi3$EXTD16$VFPS$VFMA$PE$A:L22UL41UL21$X:L11$S22US41US21$IEEE1$IW$USESV6$~STKCKD$USESV7$~SHL$OSPACE$ROPI$EBA8$MICROLIB$REQ8$PRES8$EABIv2 0x00000000   Number         0  anon$$obj.o ABSOLUTE
    __ARM_use_no_argv                        0x00000000   Number         0  main.o ABSOLUTE
    _printf_a                                0x00000000   Number         0  stubs.o ABSOLUTE
    _printf_c                                0x00000000   Number         0  stubs.o ABSOLUTE
    _printf_charcount                        0x00000000   Number         0  stubs.o ABSOLUTE
    _printf_d                                0x00000000   Number         0  stubs.o ABSOLUTE
    _printf_e                                0x00000000   Number         0  stubs.o ABSOLUTE
    _printf_f                                0x00000000   Number         0  stubs.o ABSOLUTE
    _printf_flags                            0x00000000   Number         0  stubs.o ABSOLUTE
    _printf_fp_dec                           0x00000000   Number         0  stubs.o ABSOLUTE
    _printf_fp_hex                           0x00000000   Number         0  stubs.o ABSOLUTE
    _printf_g                                0x00000000   Number         0  stubs.o ABSOLUTE
    _printf_i                                0x00000000   Number         0  stubs.o ABSOLUTE
    _printf_int_dec                          0x00000000   Number         0  stubs.o ABSOLUTE
    _printf_l                                0x00000000   Number         0  stubs.o ABSOLUTE
    _printf_lc                               0x00000000   Number         0  stubs.o ABSOLUTE
    _printf_ll                               0x00000000   Number         0  stubs.o ABSOLUTE
    _printf_lld                              0x00000000   Number         0  stubs.o ABSOLUTE
    _printf_lli                              0x00000000   Number         0  stubs.o ABSOLUTE
    _printf_llo                              0x00000000   Number         0  stubs.o ABSOLUTE
    _printf_llu                              0x00000000   Number         0  stubs.o ABSOLUTE
    _printf_llx                              0x00000000   Number         0  stubs.o ABSOLUTE
    _printf_longlong_dec                     0x00000000   Number         0  stubs.o ABSOLUTE
    _printf_longlong_hex                     0x00000000   Number         0  stubs.o ABSOLUTE
    _printf_longlong_oct                     0x00000000   Number         0  stubs.o ABSOLUTE
    _printf_ls                               0x00000000   Number         0  stubs.o ABSOLUTE
    _printf_mbtowc                           0x00000000   Number         0  stubs.o ABSOLUTE
    _printf_n                                0x00000000   Number         0  stubs.o ABSOLUTE
    _printf_o                                0x00000000   Number         0  stubs.o ABSOLUTE
    _printf_p                                0x00000000   Number         0  stubs.o ABSOLUTE
    _printf_percent                          0x00000000   Number         0  stubs.o ABSOLUTE
    _printf_pre_padding                      0x00000000   Number         0  stubs.o ABSOLUTE
    _printf_return_value                     0x00000000   Number         0  stubs.o ABSOLUTE
    _printf_s                                0x00000000   Number         0  stubs.o ABSOLUTE
    _printf_sizespec                         0x00000000   Number         0  stubs.o ABSOLUTE
    _printf_str                              0x00000000   Number         0  stubs.o ABSOLUTE
    _printf_truncate_signed                  0x00000000   Number         0  stubs.o ABSOLUTE
    _printf_truncate_unsigned                0x00000000   Number         0  stubs.o ABSOLUTE
    _printf_u                                0x00000000   Number         0  stubs.o ABSOLUTE
    _printf_wc                               0x00000000   Number         0  stubs.o ABSOLUTE
    _printf_wctomb                           0x00000000   Number         0  stubs.o ABSOLUTE
    _printf_widthprec                        0x00000000   Number         0  stubs.o ABSOLUTE
    _printf_x                                0x00000000   Number         0  stubs.o ABSOLUTE
    __cpp_initialize__aeabi_                  - Undefined Weak Reference
    __cxa_finalize                            - Undefined Weak Reference
    __decompress                              - Undefined Weak Reference
    _clock_init                               - Undefined Weak Reference
    _microlib_exit                            - Undefined Weak Reference
    __Vectors_Size                           0x00000194   Number         0  startup_stm32f401xe.o ABSOLUTE
    __Vectors                                0x08000000   Data           4  startup_stm32f401xe.o(RESET)
    __Vectors_End                            0x08000194   Data           0  startup_stm32f401xe.o(RESET)
    __main                                   0x08000195   Thumb Code     0  entry.o(.ARM.Collect$$$$00000000)
    _main_stk                                0x08000195   Thumb Code     0  entry2.o(.ARM.Collect$$$$00000001)
    _main_scatterload                        0x08000199   Thumb Code     0  entry5.o(.ARM.Collect$$$$00000004)
    __main_after_scatterload                 0x0800019d   Thumb Code     0  entry5.o(.ARM.Collect$$$$00000004)
    _main_clock                              0x0800019d   Thumb Code     0  entry7b.o(.ARM.Collect$$$$00000008)
    _main_cpp_init                           0x0800019d   Thumb Code     0  entry8b.o(.ARM.Collect$$$$0000000A)
    _main_init                               0x0800019d   Thumb Code     0  entry9a.o(.ARM.Collect$$$$0000000B)
    __rt_final_cpp                           0x080001a5   Thumb Code     0  entry10a.o(.ARM.Collect$$$$0000000D)
    __rt_final_exit                          0x080001a5   Thumb Code     0  entry11a.o(.ARM.Collect$$$$0000000F)
    Reset_Handler                            0x080001a9   Thumb Code     8  startup_stm32f401xe.o(.text)
    NMI_Handler                              0x080001b1   Thumb Code     2  startup_stm32f401xe.o(.text)
    HardFault_Handler                        0x080001b3   Thumb Code     2  startup_stm32f401xe.o(.text)
    MemManage_Handler                        0x080001b5   Thumb Code     2  startup_stm32f401xe.o(.text)
    BusFault_Handler                         0x080001b7   Thumb Code     2  startup_stm32f401xe.o(.text)
    UsageFault_Handler                       0x080001b9   Thumb Code     2  startup_stm32f401xe.o(.text)
    SVC_Handler                              0x080001bb   Thumb Code     2  startup_stm32f401xe.o(.text)
    DebugMon_Handler                         0x080001bd   Thumb Code     2  startup_stm32f401xe.o(.text)
    PendSV_Handler                           0x080001bf   Thumb Code     2  startup_stm32f401xe.o(.text)
    ADC_IRQHandler                           0x080001c3   Thumb Code     0  startup_stm32f401xe.o(.text)
    DMA1_Stream0_IRQHandler                  0x080001c3   Thumb Code     0  startup_stm32f401xe.o(.text)
    DMA1_Stream1_IRQHandler                  0x080001c3   Thumb Code     0  startup_stm32f401xe.o(.text)
    DMA1_Stream2_IRQHandler                  0x080001c3   Thumb Code     0  startup_stm32f401xe.o(.text)
    DMA1_Stream3_IRQHandler                  0x080001c3   Thumb Code     0  startup_stm32f401xe.o(.text)
    DMA1_Stream4_IRQHandler                  0x080001c3   Thumb Code     0  startup_stm32f401xe.o(.text)
    DMA1_Stream5_IRQHandler                  0x080001c3   Thumb Code     0  startup_stm32f401xe.o(.text)
    DMA1_Stream6_IRQHandler                  0x080001c3   Thumb Code     0  startup_stm32f401xe.o(.text)
    DMA1_Stream7_IRQHandler                  0x080001c3   Thumb Code     0  startup_stm32f401xe.o(.text)
    DMA2_Stream0_IRQHandler                  0x080001c3   Thumb Code     0  startup_stm32f401xe.o(.text)
    DMA2_Stream1_IRQHandler                  0x080001c3   Thumb Code     0  startup_stm32f401xe.o(.text)
    DMA2_Stream2_IRQHandler                  0x080001c3   Thumb Code     0  startup_stm32f401xe.o(.text)
    DMA2_Stream3_IRQHandler                  0x080001c3   Thumb Code     0  startup_stm32f401xe.o(.text)
    DMA2_Stream4_IRQHandler                  0x080001c3   Thumb Code     0  startup_stm32f401xe.o(.text)
    DMA2_Stream5_IRQHandler                  0x080001c3   Thumb Code     0  startup_stm32f401xe.o(.text)
    DMA2_Stream6_IRQHandler                  0x080001c3   Thumb Code     0  startup_stm32f401xe.o(.text)
    DMA2_Stream7_IRQHandler                  0x080001c3   Thumb Code     0  startup_stm32f401xe.o(.text)
    EXTI0_IRQHandler                         0x080001c3   Thumb Code     0  startup_stm32f401xe.o(.text)
    EXTI15_10_IRQHandler                     0x080001c3   Thumb Code     0  startup_stm32f401xe.o(.text)
    EXTI1_IRQHandler                         0x080001c3   Thumb Code     0  startup_stm32f401xe.o(.text)
    EXTI2_IRQHandler                         0x080001c3   Thumb Code     0  startup_stm32f401xe.o(.text)
    EXTI3_IRQHandler                         0x080001c3   Thumb Code     0  startup_stm32f401xe.o(.text)
    EXTI9_5_IRQHandler                       0x080001c3   Thumb Code     0  startup_stm32f401xe.o(.text)
    FLASH_IRQHandler                         0x080001c3   Thumb Code     0  startup_stm32f401xe.o(.text)
    FPU_IRQHandler                           0x080001c3   Thumb Code     0  startup_stm32f401xe.o(.text)
    I2C1_ER_IRQHandler                       0x080001c3   Thumb Code     0  startup_stm32f401xe.o(.text)
    I2C1_EV_IRQHandler                       0x080001c3   Thumb Code     0  startup_stm32f401xe.o(.text)
    I2C2_ER_IRQHandler                       0x080001c3   Thumb Code     0  startup_stm32f401xe.o(.text)
    I2C2_EV_IRQHandler                       0x080001c3   Thumb Code     0  startup_stm32f401xe.o(.text)
    I2C3_ER_IRQHandler                       0x080001c3   Thumb Code     0  startup_stm32f401xe.o(.text)
    I2C3_EV_IRQHandler                       0x080001c3   Thumb Code     0  startup_stm32f401xe.o(.text)
    OTG_FS_IRQHandler                        0x080001c3   Thumb Code     0  startup_stm32f401xe.o(.text)
    OTG_FS_WKUP_IRQHandler                   0x080001c3   Thumb Code     0  startup_stm32f401xe.o(.text)
    PVD_IRQHandler                           0x080001c3   Thumb Code     0  startup_stm32f401xe.o(.text)
    RCC_IRQHandler                           0x080001c3   Thumb Code     0  startup_stm32f401xe.o(.text)
    RTC_Alarm_IRQHandler                     0x080001c3   Thumb Code     0  startup_stm32f401xe.o(.text)
    RTC_WKUP_IRQHandler                      0x080001c3   Thumb Code     0  startup_stm32f401xe.o(.text)
    SDIO_IRQHandler                          0x080001c3   Thumb Code     0  startup_stm32f401xe.o(.text)
    SPI1_IRQHandler                          0x080001c3   Thumb Code     0  startup_stm32f401xe.o(.text)
    SPI2_IRQHandler                          0x080001c3   Thumb Code     0  startup_stm32f401xe.o(.text)
    SPI3_IRQHandler                          0x080001c3   Thumb Code     0  startup_stm32f401xe.o(.text)
    SPI4_IRQHandler                          0x080001c3   Thumb Code     0  startup_stm32f401xe.o(.text)
    TAMP_STAMP_IRQHandler                    0x080001c3   Thumb Code     0  startup_stm32f401xe.o(.text)
    TIM1_BRK_TIM9_IRQHandler                 0x080001c3   Thumb Code     0  startup_stm32f401xe.o(.text)
    TIM1_CC_IRQHandler                       0x080001c3   Thumb Code     0  startup_stm32f401xe.o(.text)
    TIM1_TRG_COM_TIM11_IRQHandler            0x080001c3   Thumb Code     0  startup_stm32f401xe.o(.text)
    TIM1_UP_TIM10_IRQHandler                 0x080001c3   Thumb Code     0  startup_stm32f401xe.o(.text)
    TIM2_IRQHandler                          0x080001c3   Thumb Code     0  startup_stm32f401xe.o(.text)
    TIM3_IRQHandler                          0x080001c3   Thumb Code     0  startup_stm32f401xe.o(.text)
    TIM4_IRQHandler                          0x080001c3   Thumb Code     0  startup_stm32f401xe.o(.text)
    TIM5_IRQHandler                          0x080001c3   Thumb Code     0  startup_stm32f401xe.o(.text)
    USART1_IRQHandler                        0x080001c3   Thumb Code     0  startup_stm32f401xe.o(.text)
    USART2_IRQHandler                        0x080001c3   Thumb Code     0  startup_stm32f401xe.o(.text)
    USART6_IRQHandler                        0x080001c3   Thumb Code     0  startup_stm32f401xe.o(.text)
    WWDG_IRQHandler                          0x080001c3   Thumb Code     0  startup_stm32f401xe.o(.text)
    __aeabi_uldivmod                         0x080001cd   Thumb Code    98  uldiv.o(.text)
    __aeabi_memcpy                           0x0800022f   Thumb Code    36  memcpya.o(.text)
    __aeabi_memcpy4                          0x0800022f   Thumb Code     0  memcpya.o(.text)
    __aeabi_memcpy8                          0x0800022f   Thumb Code     0  memcpya.o(.text)
    __aeabi_dmul                             0x08000253   Thumb Code   228  dmul.o(.text)
    __aeabi_ui2d                             0x08000337   Thumb Code    26  dfltui.o(.text)
    __aeabi_d2uiz                            0x08000351   Thumb Code    50  dfixui.o(.text)
    __aeabi_llsl                             0x08000383   Thumb Code    30  llshl.o(.text)
    _ll_shift_l                              0x08000383   Thumb Code     0  llshl.o(.text)
    __aeabi_llsr                             0x080003a1   Thumb Code    32  llushr.o(.text)
    _ll_ushift_r                             0x080003a1   Thumb Code     0  llushr.o(.text)
    __I$use$fp                               0x080003c1   Thumb Code     0  iusefp.o(.text)
    _double_round                            0x080003c1   Thumb Code    30  depilogue.o(.text)
    _double_epilogue                         0x080003df   Thumb Code   156  depilogue.o(.text)
    __scatterload                            0x0800047d   Thumb Code    28  init.o(.text)
    __scatterload_rt2                        0x0800047d   Thumb Code     0  init.o(.text)
    EXTI4_IRQHandler                         0x080004a1   Thumb Code    10  stm32f4xx_it.o(i.EXTI4_IRQHandler)
    Error_Handler                            0x080004ab   Thumb Code     4  main.o(i.Error_Handler)
    HAL_Delay                                0x080004b1   Thumb Code    36  stm32f4xx_hal.o(i.HAL_Delay)
    HAL_GPIO_EXTI_Callback                   0x080004d9   Thumb Code    16  main.o(i.HAL_GPIO_EXTI_Callback)
    HAL_GPIO_EXTI_IRQHandler                 0x080004ed   Thumb Code    24  stm32f4xx_hal_gpio.o(i.HAL_GPIO_EXTI_IRQHandler)
    HAL_GPIO_Init                            0x08000509   Thumb Code   436  stm32f4xx_hal_gpio.o(i.HAL_GPIO_Init)
    HAL_GPIO_ReadPin                         0x080006dd   Thumb Code    16  stm32f4xx_hal_gpio.o(i.HAL_GPIO_ReadPin)
    HAL_GPIO_WritePin                        0x080006ed   Thumb Code    12  stm32f4xx_hal_gpio.o(i.HAL_GPIO_WritePin)
    HAL_GetTick                              0x080006f9   Thumb Code     6  stm32f4xx_hal.o(i.HAL_GetTick)
    HAL_I2C_Init                             0x08000705   Thumb Code   286  stm32f4xx_hal_i2c.o(i.HAL_I2C_Init)
    HAL_I2C_Master_Receive                   0x0800082d   Thumb Code   796  stm32f4xx_hal_i2c.o(i.HAL_I2C_Master_Receive)
    HAL_I2C_Master_Transmit                  0x08000b55   Thumb Code   396  stm32f4xx_hal_i2c.o(i.HAL_I2C_Master_Transmit)
    HAL_I2C_MspInit                          0x08000ce9   Thumb Code    80  stm32f4xx_hal_msp.o(i.HAL_I2C_MspInit)
    HAL_IncTick                              0x08000d45   Thumb Code    16  stm32f4xx_hal.o(i.HAL_IncTick)
    HAL_Init                                 0x08000d5d   Thumb Code    54  stm32f4xx_hal.o(i.HAL_Init)
    HAL_InitTick                             0x08000d99   Thumb Code    64  stm32f4xx_hal.o(i.HAL_InitTick)
    HAL_MspInit                              0x08000de5   Thumb Code    86  stm32f4xx_hal_msp.o(i.HAL_MspInit)
    HAL_NVIC_EnableIRQ                       0x08000e3b   Thumb Code    26  stm32f4xx_hal_cortex.o(i.HAL_NVIC_EnableIRQ)
    HAL_NVIC_SetPriority                     0x08000e55   Thumb Code   124  stm32f4xx_hal_cortex.o(i.HAL_NVIC_SetPriority)
    HAL_NVIC_SetPriorityGrouping             0x08000ed1   Thumb Code    32  stm32f4xx_hal_cortex.o(i.HAL_NVIC_SetPriorityGrouping)
    HAL_RCC_ClockConfig                      0x08000ef9   Thumb Code   366  stm32f4xx_hal_rcc.o(i.HAL_RCC_ClockConfig)
    HAL_RCC_GetHCLKFreq                      0x08001079   Thumb Code     6  stm32f4xx_hal_rcc.o(i.HAL_RCC_GetHCLKFreq)
    HAL_RCC_GetPCLK1Freq                     0x08001085   Thumb Code    22  stm32f4xx_hal_rcc.o(i.HAL_RCC_GetPCLK1Freq)
    HAL_RCC_GetPCLK2Freq                     0x080010a5   Thumb Code    22  stm32f4xx_hal_rcc.o(i.HAL_RCC_GetPCLK2Freq)
    HAL_RCC_GetSysClockFreq                  0x080010c5   Thumb Code   162  stm32f4xx_hal_rcc.o(i.HAL_RCC_GetSysClockFreq)
    HAL_RCC_OscConfig                        0x08001175   Thumb Code  1086  stm32f4xx_hal_rcc.o(i.HAL_RCC_OscConfig)
    HAL_SYSTICK_CLKSourceConfig              0x080015bd   Thumb Code    40  stm32f4xx_hal_cortex.o(i.HAL_SYSTICK_CLKSourceConfig)
    HAL_SYSTICK_Callback                     0x080015e5   Thumb Code     2  stm32f4xx_hal_cortex.o(i.HAL_SYSTICK_Callback)
    HAL_SYSTICK_Config                       0x080015e7   Thumb Code    52  stm32f4xx_hal_cortex.o(i.HAL_SYSTICK_Config)
    HAL_SYSTICK_IRQHandler                   0x0800161b   Thumb Code     8  stm32f4xx_hal_cortex.o(i.HAL_SYSTICK_IRQHandler)
    HAL_UART_Init                            0x08001623   Thumb Code   114  stm32f4xx_hal_uart.o(i.HAL_UART_Init)
    HAL_UART_MspInit                         0x08001695   Thumb Code    76  stm32f4xx_hal_msp.o(i.HAL_UART_MspInit)
    HAL_UART_Transmit                        0x080016ed   Thumb Code   214  stm32f4xx_hal_uart.o(i.HAL_UART_Transmit)
    SysTick_Handler                          0x08001dc5   Thumb Code    12  stm32f4xx_it.o(i.SysTick_Handler)
    SystemClock_Config                       0x08001dd1   Thumb Code   196  main.o(i.SystemClock_Config)
    SystemInit                               0x08001e9d   Thumb Code    82  system_stm32f4xx.o(i.SystemInit)
    VL53L1X_BootState                        0x080022d5   Thumb Code    34  vl53l1x_api.o(i.VL53L1X_BootState)
    VL53L1X_CheckForDataReady                0x080022f7   Thumb Code    62  vl53l1x_api.o(i.VL53L1X_CheckForDataReady)
    VL53L1X_ClearInterrupt                   0x08002335   Thumb Code    22  vl53l1x_api.o(i.VL53L1X_ClearInterrupt)
    VL53L1X_GetAmbientRate                   0x0800234b   Thumb Code    38  vl53l1x_api.o(i.VL53L1X_GetAmbientRate)
    VL53L1X_GetDistance                      0x08002371   Thumb Code    30  vl53l1x_api.o(i.VL53L1X_GetDistance)
    VL53L1X_GetDistanceMode                  0x0800238f   Thumb Code    48  vl53l1x_api.o(i.VL53L1X_GetDistanceMode)
    VL53L1X_GetInterruptPolarity             0x080023bf   Thumb Code    50  vl53l1x_api.o(i.VL53L1X_GetInterruptPolarity)
    VL53L1X_GetRangeStatus                   0x080023f1   Thumb Code    56  vl53l1x_api.o(i.VL53L1X_GetRangeStatus)
    VL53L1X_GetSignalRate                    0x0800242d   Thumb Code    38  vl53l1x_api.o(i.VL53L1X_GetSignalRate)
    VL53L1X_GetSpadNb                        0x08002453   Thumb Code    32  vl53l1x_api.o(i.VL53L1X_GetSpadNb)
    VL53L1X_GetTimingBudgetInMs              0x08002473   Thumb Code   174  vl53l1x_api.o(i.VL53L1X_GetTimingBudgetInMs)
    VL53L1X_SensorInit                       0x08002521   Thumb Code   114  vl53l1x_api.o(i.VL53L1X_SensorInit)
    VL53L1X_SetDistanceMode                  0x08002599   Thumb Code   214  vl53l1x_api.o(i.VL53L1X_SetDistanceMode)
    VL53L1X_SetInterMeasurementInMs          0x08002671   Thumb Code    94  vl53l1x_api.o(i.VL53L1X_SetInterMeasurementInMs)
    VL53L1X_SetTimingBudgetInMs              0x080026d9   Thumb Code   434  vl53l1x_api.o(i.VL53L1X_SetTimingBudgetInMs)
    VL53L1X_StartRanging                     0x0800288b   Thumb Code    22  vl53l1x_api.o(i.VL53L1X_StartRanging)
    VL53L1X_StopRanging                      0x080028a1   Thumb Code    22  vl53l1x_api.o(i.VL53L1X_StopRanging)
    VL53L1_RdByte                            0x080028b9   Thumb Code    66  vl53l1_platform.o(i.VL53L1_RdByte)
    VL53L1_RdWord                            0x08002901   Thumb Code    82  vl53l1_platform.o(i.VL53L1_RdWord)
    VL53L1_WrByte                            0x08002959   Thumb Code    50  vl53l1_platform.o(i.VL53L1_WrByte)
    VL53L1_WrDWord                           0x08002991   Thumb Code    60  vl53l1_platform.o(i.VL53L1_WrDWord)
    VL53L1_WrWord                            0x080029d1   Thumb Code    52  vl53l1_platform.o(i.VL53L1_WrWord)
    XNUCLEO53L1A1_I2C1Configure              0x08002a09   Thumb Code   150  x-nucleo-53l1a1.o(i.XNUCLEO53L1A1_I2C1Configure)
    XNUCLEO53L1A1_Init                       0x08002ab5   Thumb Code   158  x-nucleo-53l1a1.o(i.XNUCLEO53L1A1_Init)
    XNUCLEO53L1A1_ResetId                    0x08002b59   Thumb Code   184  x-nucleo-53l1a1.o(i.XNUCLEO53L1A1_ResetId)
    _I2CRead                                 0x08002cd1   Thumb Code    40  vl53l1_platform.o(i._I2CRead)
    _I2CWrite                                0x08002cfd   Thumb Code    38  vl53l1_platform.o(i._I2CWrite)
    __0printf$5                              0x08002e51   Thumb Code    22  printf5.o(i.__0printf$5)
    __1printf$5                              0x08002e51   Thumb Code     0  printf5.o(i.__0printf$5)
    __2printf                                0x08002e51   Thumb Code     0  printf5.o(i.__0printf$5)
    __scatterload_copy                       0x08002e71   Thumb Code    14  handlers.o(i.__scatterload_copy)
    __scatterload_null                       0x08002e7f   Thumb Code     2  handlers.o(i.__scatterload_null)
    __scatterload_zeroinit                   0x08002e81   Thumb Code    14  handlers.o(i.__scatterload_zeroinit)
    fputc                                    0x08003151   Thumb Code    22  main.o(i.fputc)
    main                                     0x0800316d   Thumb Code   412  main.o(i.main)
    AHBPrescTable                            0x080033a8   Data          16  system_stm32f4xx.o(.constdata)
    APBPrescTable                            0x080033b8   Data           8  system_stm32f4xx.o(.constdata)
    VL51L1X_DEFAULT_CONFIGURATION            0x080033c0   Data          91  vl53l1x_api.o(.constdata)
    Region$$Table$$Base                      0x08003434   Number         0  anon$$obj.o(Region$$Table)
    Region$$Table$$Limit                     0x08003454   Number         0  anon$$obj.o(Region$$Table)
    SystemCoreClock                          0x20000000   Data           4  system_stm32f4xx.o(.data)
    dev                                      0x20000004   Data           2  main.o(.data)
    status                                   0x20000008   Data           4  main.o(.data)
    IntCount                                 0x2000000c   Data           4  main.o(.data)
    uwTick                                   0x20000010   Data           4  stm32f4xx_hal.o(.data)
    uwTickPrio                               0x20000014   Data           4  stm32f4xx_hal.o(.data)
    uwTickFreq                               0x20000018   Data           1  stm32f4xx_hal.o(.data)
    __stdout                                 0x20000030   Data           4  stdout.o(.data)
    hi2c1                                    0x20000034   Data          84  main.o(.bss)
    huart2                                   0x20000088   Data          64  main.o(.bss)
    _I2CBuffer                               0x200000c8   Data         256  vl53l1_platform.o(.bss)
    XNUCLEO53L1A1_hi2c                       0x200001c8   Data          84  x-nucleo-53l1a1.o(.bss)
    __initial_sp                             0x20000620   Data           0  startup_stm32f401xe.o(STACK)



==============================================================================

Memory Map of the image

  Image Entry point : 0x08000195

  Load Region LR_IROM1 (Base: 0x08000000, Size: 0x00003488, Max: 0x00080000, ABSOLUTE)

    Execution Region ER_IROM1 (Exec base: 0x08000000, Load base: 0x08000000, Size: 0x00003454, Max: 0x00080000, ABSOLUTE)

    Exec Addr    Load Addr    Size         Type   Attr      Idx    E Section Name        Object

    0x08000000   0x08000000   0x00000194   Data   RO            3    RESET               startup_stm32f401xe.o
    0x08000194   0x08000194   0x00000000   Code   RO         2868  * .ARM.Collect$$$$00000000  mc_w.l(entry.o)
    0x08000194   0x08000194   0x00000004   Code   RO         3146    .ARM.Collect$$$$00000001  mc_w.l(entry2.o)
    0x08000198   0x08000198   0x00000004   Code   RO         3149    .ARM.Collect$$$$00000004  mc_w.l(entry5.o)
    0x0800019c   0x0800019c   0x00000000   Code   RO         3151    .ARM.Collect$$$$00000008  mc_w.l(entry7b.o)
    0x0800019c   0x0800019c   0x00000000   Code   RO         3153    .ARM.Collect$$$$0000000A  mc_w.l(entry8b.o)
    0x0800019c   0x0800019c   0x00000008   Code   RO         3154    .ARM.Collect$$$$0000000B  mc_w.l(entry9a.o)
    0x080001a4   0x080001a4   0x00000000   Code   RO         3156    .ARM.Collect$$$$0000000D  mc_w.l(entry10a.o)
    0x080001a4   0x080001a4   0x00000000   Code   RO         3158    .ARM.Collect$$$$0000000F  mc_w.l(entry11a.o)
    0x080001a4   0x080001a4   0x00000004   Code   RO         3147    .ARM.Collect$$$$00002712  mc_w.l(entry2.o)
    0x080001a8   0x080001a8   0x00000024   Code   RO            4    .text               startup_stm32f401xe.o
    0x080001cc   0x080001cc   0x00000062   Code   RO         2871    .text               mc_w.l(uldiv.o)
    0x0800022e   0x0800022e   0x00000024   Code   RO         2873    .text               mc_w.l(memcpya.o)
    0x08000252   0x08000252   0x000000e4   Code   RO         3138    .text               mf_w.l(dmul.o)
    0x08000336   0x08000336   0x0000001a   Code   RO         3142    .text               mf_w.l(dfltui.o)
    0x08000350   0x08000350   0x00000032   Code   RO         3144    .text               mf_w.l(dfixui.o)
    0x08000382   0x08000382   0x0000001e   Code   RO         3163    .text               mc_w.l(llshl.o)
    0x080003a0   0x080003a0   0x00000020   Code   RO         3165    .text               mc_w.l(llushr.o)
    0x080003c0   0x080003c0   0x00000000   Code   RO         3167    .text               mc_w.l(iusefp.o)
    0x080003c0   0x080003c0   0x000000ba   Code   RO         3168    .text               mf_w.l(depilogue.o)
    0x0800047a   0x0800047a   0x00000002   PAD
    0x0800047c   0x0800047c   0x00000024   Code   RO         3176    .text               mc_w.l(init.o)
    0x080004a0   0x080004a0   0x0000000a   Code   RO          192    i.EXTI4_IRQHandler  stm32f4xx_it.o
    0x080004aa   0x080004aa   0x00000004   Code   RO          226    i.Error_Handler     main.o
    0x080004ae   0x080004ae   0x00000002   PAD
    0x080004b0   0x080004b0   0x00000028   Code   RO          482    i.HAL_Delay         stm32f4xx_hal.o
    0x080004d8   0x080004d8   0x00000014   Code   RO          227    i.HAL_GPIO_EXTI_Callback  main.o
    0x080004ec   0x080004ec   0x0000001c   Code   RO         1210    i.HAL_GPIO_EXTI_IRQHandler  stm32f4xx_hal_gpio.o
    0x08000508   0x08000508   0x000001d4   Code   RO         1211    i.HAL_GPIO_Init     stm32f4xx_hal_gpio.o
    0x080006dc   0x080006dc   0x00000010   Code   RO         1213    i.HAL_GPIO_ReadPin  stm32f4xx_hal_gpio.o
    0x080006ec   0x080006ec   0x0000000c   Code   RO         1215    i.HAL_GPIO_WritePin  stm32f4xx_hal_gpio.o
    0x080006f8   0x080006f8   0x0000000c   Code   RO          488    i.HAL_GetTick       stm32f4xx_hal.o
    0x08000704   0x08000704   0x00000128   Code   RO         1285    i.HAL_I2C_Init      stm32f4xx_hal_i2c.o
    0x0800082c   0x0800082c   0x00000328   Code   RO         1291    i.HAL_I2C_Master_Receive  stm32f4xx_hal_i2c.o
    0x08000b54   0x08000b54   0x00000194   Code   RO         1296    i.HAL_I2C_Master_Transmit  stm32f4xx_hal_i2c.o
    0x08000ce8   0x08000ce8   0x0000005c   Code   RO          141    i.HAL_I2C_MspInit   stm32f4xx_hal_msp.o
    0x08000d44   0x08000d44   0x00000018   Code   RO          492    i.HAL_IncTick       stm32f4xx_hal.o
    0x08000d5c   0x08000d5c   0x0000003c   Code   RO          493    i.HAL_Init          stm32f4xx_hal.o
    0x08000d98   0x08000d98   0x0000004c   Code   RO          494    i.HAL_InitTick      stm32f4xx_hal.o
    0x08000de4   0x08000de4   0x00000056   Code   RO          142    i.HAL_MspInit       stm32f4xx_hal_msp.o
    0x08000e3a   0x08000e3a   0x0000001a   Code   RO          651    i.HAL_NVIC_EnableIRQ  stm32f4xx_hal_cortex.o
    0x08000e54   0x08000e54   0x0000007c   Code   RO          657    i.HAL_NVIC_SetPriority  stm32f4xx_hal_cortex.o
    0x08000ed0   0x08000ed0   0x00000028   Code   RO          658    i.HAL_NVIC_SetPriorityGrouping  stm32f4xx_hal_cortex.o
    0x08000ef8   0x08000ef8   0x00000180   Code   RO         1936    i.HAL_RCC_ClockConfig  stm32f4xx_hal_rcc.o
    0x08001078   0x08001078   0x0000000c   Code   RO         1941    i.HAL_RCC_GetHCLKFreq  stm32f4xx_hal_rcc.o
    0x08001084   0x08001084   0x00000020   Code   RO         1943    i.HAL_RCC_GetPCLK1Freq  stm32f4xx_hal_rcc.o
    0x080010a4   0x080010a4   0x00000020   Code   RO         1944    i.HAL_RCC_GetPCLK2Freq  stm32f4xx_hal_rcc.o
    0x080010c4   0x080010c4   0x000000b0   Code   RO         1945    i.HAL_RCC_GetSysClockFreq  stm32f4xx_hal_rcc.o
    0x08001174   0x08001174   0x00000448   Code   RO         1948    i.HAL_RCC_OscConfig  stm32f4xx_hal_rcc.o
    0x080015bc   0x080015bc   0x00000028   Code   RO          660    i.HAL_SYSTICK_CLKSourceConfig  stm32f4xx_hal_cortex.o
    0x080015e4   0x080015e4   0x00000002   Code   RO          661    i.HAL_SYSTICK_Callback  stm32f4xx_hal_cortex.o
    0x080015e6   0x080015e6   0x00000034   Code   RO          662    i.HAL_SYSTICK_Config  stm32f4xx_hal_cortex.o
    0x0800161a   0x0800161a   0x00000008   Code   RO          663    i.HAL_SYSTICK_IRQHandler  stm32f4xx_hal_cortex.o
    0x08001622   0x08001622   0x00000072   Code   RO         2152    i.HAL_UART_Init     stm32f4xx_hal_uart.o
    0x08001694   0x08001694   0x00000058   Code   RO          144    i.HAL_UART_MspInit  stm32f4xx_hal_msp.o
    0x080016ec   0x080016ec   0x000000d6   Code   RO         2160    i.HAL_UART_Transmit  stm32f4xx_hal_uart.o
    0x080017c2   0x080017c2   0x00000034   Code   RO         1323    i.I2C_IsAcknowledgeFailed  stm32f4xx_hal_i2c.o
    0x080017f6   0x080017f6   0x00000002   PAD
    0x080017f8   0x080017f8   0x00000130   Code   RO         1326    i.I2C_MasterRequestRead  stm32f4xx_hal_i2c.o
    0x08001928   0x08001928   0x000000c0   Code   RO         1327    i.I2C_MasterRequestWrite  stm32f4xx_hal_i2c.o
    0x080019e8   0x080019e8   0x00000056   Code   RO         1342    i.I2C_WaitOnBTFFlagUntilTimeout  stm32f4xx_hal_i2c.o
    0x08001a3e   0x08001a3e   0x0000007c   Code   RO         1343    i.I2C_WaitOnFlagUntilTimeout  stm32f4xx_hal_i2c.o
    0x08001aba   0x08001aba   0x000000ac   Code   RO         1344    i.I2C_WaitOnMasterAddressFlagUntilTimeout  stm32f4xx_hal_i2c.o
    0x08001b66   0x08001b66   0x0000006e   Code   RO         1345    i.I2C_WaitOnRXNEFlagUntilTimeout  stm32f4xx_hal_i2c.o
    0x08001bd4   0x08001bd4   0x00000056   Code   RO         1347    i.I2C_WaitOnTXEFlagUntilTimeout  stm32f4xx_hal_i2c.o
    0x08001c2a   0x08001c2a   0x00000002   PAD
    0x08001c2c   0x08001c2c   0x000000ec   Code   RO          228    i.MX_GPIO_Init      main.o
    0x08001d18   0x08001d18   0x0000003c   Code   RO          229    i.MX_I2C1_Init      main.o
    0x08001d54   0x08001d54   0x00000038   Code   RO          230    i.MX_USART2_UART_Init  main.o
    0x08001d8c   0x08001d8c   0x00000010   Code   RO          664    i.NVIC_GetPriorityGrouping  stm32f4xx_hal_cortex.o
    0x08001d9c   0x08001d9c   0x00000028   Code   RO          665    i.NVIC_SetPriority  stm32f4xx_hal_cortex.o
    0x08001dc4   0x08001dc4   0x0000000c   Code   RO          193    i.SysTick_Handler   stm32f4xx_it.o
    0x08001dd0   0x08001dd0   0x000000cc   Code   RO          231    i.SystemClock_Config  main.o
    0x08001e9c   0x08001e9c   0x00000064   Code   RO           14    i.SystemInit        system_stm32f4xx.o
    0x08001f00   0x08001f00   0x00000368   Code   RO         2179    i.UART_SetConfig    stm32f4xx_hal_uart.o
    0x08002268   0x08002268   0x0000006c   Code   RO         2181    i.UART_WaitOnFlagUntilTimeout  stm32f4xx_hal_uart.o
    0x080022d4   0x080022d4   0x00000022   Code   RO         2583    i.VL53L1X_BootState  vl53l1x_api.o
    0x080022f6   0x080022f6   0x0000003e   Code   RO         2584    i.VL53L1X_CheckForDataReady  vl53l1x_api.o
    0x08002334   0x08002334   0x00000016   Code   RO         2585    i.VL53L1X_ClearInterrupt  vl53l1x_api.o
    0x0800234a   0x0800234a   0x00000026   Code   RO         2587    i.VL53L1X_GetAmbientRate  vl53l1x_api.o
    0x08002370   0x08002370   0x0000001e   Code   RO         2588    i.VL53L1X_GetDistance  vl53l1x_api.o
    0x0800238e   0x0800238e   0x00000030   Code   RO         2589    i.VL53L1X_GetDistanceMode  vl53l1x_api.o
    0x080023be   0x080023be   0x00000032   Code   RO         2594    i.VL53L1X_GetInterruptPolarity  vl53l1x_api.o
    0x080023f0   0x080023f0   0x0000003c   Code   RO         2598    i.VL53L1X_GetRangeStatus  vl53l1x_api.o
    0x0800242c   0x0800242c   0x00000026   Code   RO         2604    i.VL53L1X_GetSignalRate  vl53l1x_api.o
    0x08002452   0x08002452   0x00000020   Code   RO         2606    i.VL53L1X_GetSpadNb  vl53l1x_api.o
    0x08002472   0x08002472   0x000000ae   Code   RO         2607    i.VL53L1X_GetTimingBudgetInMs  vl53l1x_api.o
    0x08002520   0x08002520   0x00000078   Code   RO         2609    i.VL53L1X_SensorInit  vl53l1x_api.o
    0x08002598   0x08002598   0x000000d6   Code   RO         2610    i.VL53L1X_SetDistanceMode  vl53l1x_api.o
    0x0800266e   0x0800266e   0x00000002   PAD
    0x08002670   0x08002670   0x00000068   Code   RO         2613    i.VL53L1X_SetInterMeasurementInMs  vl53l1x_api.o
    0x080026d8   0x080026d8   0x000001b2   Code   RO         2620    i.VL53L1X_SetTimingBudgetInMs  vl53l1x_api.o
    0x0800288a   0x0800288a   0x00000016   Code   RO         2622    i.VL53L1X_StartRanging  vl53l1x_api.o
    0x080028a0   0x080028a0   0x00000016   Code   RO         2624    i.VL53L1X_StopRanging  vl53l1x_api.o
    0x080028b6   0x080028b6   0x00000002   PAD
    0x080028b8   0x080028b8   0x00000048   Code   RO          331    i.VL53L1_RdByte     vl53l1_platform.o
    0x08002900   0x08002900   0x00000058   Code   RO          333    i.VL53L1_RdWord     vl53l1_platform.o
    0x08002958   0x08002958   0x00000038   Code   RO          339    i.VL53L1_WrByte     vl53l1_platform.o
    0x08002990   0x08002990   0x00000040   Code   RO          340    i.VL53L1_WrDWord    vl53l1_platform.o
    0x080029d0   0x080029d0   0x00000038   Code   RO          341    i.VL53L1_WrWord     vl53l1_platform.o
    0x08002a08   0x08002a08   0x000000ac   Code   RO         2480    i.XNUCLEO53L1A1_I2C1Configure  x-nucleo-53l1a1.o
    0x08002ab4   0x08002ab4   0x000000a4   Code   RO         2481    i.XNUCLEO53L1A1_Init  x-nucleo-53l1a1.o
    0x08002b58   0x08002b58   0x000000bc   Code   RO         2482    i.XNUCLEO53L1A1_ResetId  x-nucleo-53l1a1.o
    0x08002c14   0x08002c14   0x0000004c   Code   RO         2485    i._ExpanderRd       x-nucleo-53l1a1.o
    0x08002c60   0x08002c60   0x00000040   Code   RO         2486    i._ExpanderWR       x-nucleo-53l1a1.o
    0x08002ca0   0x08002ca0   0x00000030   Code   RO         2487    i._ExpandersSetAllIO  x-nucleo-53l1a1.o
    0x08002cd0   0x08002cd0   0x0000002c   Code   RO          343    i._I2CRead          vl53l1_platform.o
    0x08002cfc   0x08002cfc   0x0000002c   Code   RO          344    i._I2CWrite         vl53l1_platform.o
    0x08002d28   0x08002d28   0x00000128   Code   RO         2488    i._I2cFailRecover   x-nucleo-53l1a1.o
    0x08002e50   0x08002e50   0x00000020   Code   RO         3010    i.__0printf$5       mc_w.l(printf5.o)
    0x08002e70   0x08002e70   0x0000000e   Code   RO         3182    i.__scatterload_copy  mc_w.l(handlers.o)
    0x08002e7e   0x08002e7e   0x00000002   Code   RO         3183    i.__scatterload_null  mc_w.l(handlers.o)
    0x08002e80   0x08002e80   0x0000000e   Code   RO         3184    i.__scatterload_zeroinit  mc_w.l(handlers.o)
    0x08002e8e   0x08002e8e   0x00000002   PAD
    0x08002e90   0x08002e90   0x000002c0   Code   RO         3017    i._printf_core      mc_w.l(printf5.o)
    0x08003150   0x08003150   0x0000001c   Code   RO          232    i.fputc             main.o
    0x0800316c   0x0800316c   0x0000023c   Code   RO          233    i.main              main.o
    0x080033a8   0x080033a8   0x00000018   Data   RO           15    .constdata          system_stm32f4xx.o
    0x080033c0   0x080033c0   0x00000073   Data   RO         2625    .constdata          vl53l1x_api.o
    0x08003433   0x08003433   0x00000001   PAD
    0x08003434   0x08003434   0x00000020   Data   RO         3180    Region$$Table       anon$$obj.o


    Execution Region RW_IRAM1 (Exec base: 0x20000000, Load base: 0x08003454, Size: 0x00000620, Max: 0x00018000, ABSOLUTE)

    Exec Addr    Load Addr    Size         Type   Attr      Idx    E Section Name        Object

    0x20000000   0x08003454   0x00000004   Data   RW           16    .data               system_stm32f4xx.o
    0x20000004   0x08003458   0x0000000c   Data   RW          235    .data               main.o
    0x20000010   0x08003464   0x00000009   Data   RW          500    .data               stm32f4xx_hal.o
    0x20000019   0x0800346d   0x00000003   PAD
    0x2000001c   0x08003470   0x00000014   Data   RW         2491    .data               x-nucleo-53l1a1.o
    0x20000030   0x08003484   0x00000004   Data   RW         3160    .data               mc_w.l(stdout.o)
    0x20000034        -       0x00000094   Zero   RW          234    .bss                main.o
    0x200000c8        -       0x00000100   Zero   RW          345    .bss                vl53l1_platform.o
    0x200001c8        -       0x00000054   Zero   RW         2489    .bss                x-nucleo-53l1a1.o
    0x2000021c   0x08003488   0x00000004   PAD
    0x20000220        -       0x00000400   Zero   RW            1    STACK               startup_stm32f401xe.o


==============================================================================

Image component sizes


      Code (inc. data)   RO Data    RW Data    ZI Data      Debug   Object Name

      1180        216          0         12        148       5992   main.o
        36          8        404          0       1024       1004   startup_stm32f401xe.o
       212         36          0          9          0       4905   stm32f4xx_hal.o
       348         22          0          0          0      33129   stm32f4xx_hal_cortex.o
       524         36          0          0          0       3850   stm32f4xx_hal_gpio.o
      2634         42          0          0          0      11818   stm32f4xx_hal_i2c.o
       266         24          0          0          0       2367   stm32f4xx_hal_msp.o
      1732         84          0          0          0       5876   stm32f4xx_hal_rcc.o
      1308          8          0          0          0       3976   stm32f4xx_hal_uart.o
        22          0          0          0          0       1069   stm32f4xx_it.o
       100         18         24          4          0     391083   system_stm32f4xx.o
       424         36          0          0        256       9601   vl53l1_platform.o
      1504         20        115          0          0      16928   vl53l1x_api.o
      1008         58          0         20         84       7064   x-nucleo-53l1a1.o

    ----------------------------------------------------------------------
     11308        608        576         48       1516     498662   Object Totals
         0          0         32          0          0          0   (incl. Generated)
        10          0          1          3          4          0   (incl. Padding)

    ----------------------------------------------------------------------

      Code (inc. data)   RO Data    RW Data    ZI Data      Debug   Library Member Name

         0          0          0          0          0          0   entry.o
         0          0          0          0          0          0   entry10a.o
         0          0          0          0          0          0   entry11a.o
         8          4          0          0          0          0   entry2.o
         4          0          0          0          0          0   entry5.o
         0          0          0          0          0          0   entry7b.o
         0          0          0          0          0          0   entry8b.o
         8          4          0          0          0          0   entry9a.o
        30          0          0          0          0          0   handlers.o
        36          8          0          0          0         68   init.o
         0          0          0          0          0          0   iusefp.o
        30          0          0          0          0         68   llshl.o
        32          0          0          0          0         68   llushr.o
        36          0          0          0          0         68   memcpya.o
       736         56          0          0          0        184   printf5.o
         0          0          0          4          0          0   stdout.o
        98          0          0          0          0         92   uldiv.o
       186          0          0          0          0        176   depilogue.o
        50          0          0          0          0         76   dfixui.o
        26          0          0          0          0         76   dfltui.o
       228          0          0          0          0         96   dmul.o

    ----------------------------------------------------------------------
      1512         72          0          4          0        972   Library Totals
         4          0          0          0          0          0   (incl. Padding)

    ----------------------------------------------------------------------

      Code (inc. data)   RO Data    RW Data    ZI Data      Debug   Library Name

      1018         72          0          4          0        548   mc_w.l
       490          0          0          0          0        424   mf_w.l

    ----------------------------------------------------------------------
      1512         72          0          4          0        972   Library Totals

    ----------------------------------------------------------------------

==============================================================================


      Code (inc. data)   RO Data    RW Data    ZI Data      Debug   

     12820        680        576         52       1516     491570   Grand Totals
     12820        680        576         52       1516     491570   ELF Image Totals
     12820        680        576         52          0          0   ROM Totals

==============================================================================

    Total RO  Size (Code + RO Data)                13396 (  13.08kB)
    Total RW  Size (RW Data + ZI Data)              1568 (   1.53kB)
    Total ROM Size (Code + RO Data + RW Data)      13448 (  13.13kB)

==============================================================================

